#-----------------------------------------------------------
# Webtalk v2018.2.2 (64-bit)
# SW Build 2348494 on Mon Oct  1 18:25:44 MDT 2018
# IP Build 2318053 on Mon Oct  1 21:44:26 MDT 2018
# Start of session at: Mon Dec  3 07:40:48 2018
# Process ID: 8104
# Current directory: C:/ProjetsFPGA/projets_vivado/pb_APP_log_comb_sol/pb_APP_log_comb.sim/sim_1/behav/xsim
# Command line: wbtcv.exe -mode batch -source C:/ProjetsFPGA/projets_vivado/pb_APP_log_comb_sol/pb_APP_log_comb.sim/sim_1/behav/xsim/xsim.dir/circuit_thermo_bin_sol_tb_behav/webtalk/xsim_webtalk.tcl -notrace
# Log file: C:/ProjetsFPGA/projets_vivado/pb_APP_log_comb_sol/pb_APP_log_comb.sim/sim_1/behav/xsim/webtalk.log
# Journal file: C:/ProjetsFPGA/projets_vivado/pb_APP_log_comb_sol/pb_APP_log_comb.sim/sim_1/behav/xsim\webtalk.jou
#-----------------------------------------------------------
source C:/ProjetsFPGA/projets_vivado/pb_APP_log_comb_sol/pb_APP_log_comb.sim/sim_1/behav/xsim/xsim.dir/circuit_thermo_bin_sol_tb_behav/webtalk/xsim_webtalk.tcl -notrace
