13:03:40 **** Incremental Build of configuration Debug for project ExempleIMU ****
make pre-build main-build 
a9-linaro-pre-build-step
' '
make: Rien à faire pour « main-build ».
13:03:54 **** Incremental Build of configuration Debug for project ExempleIMU ****
make pre-build main-build 
a9-linaro-pre-build-step
' '
make: Rien à faire pour « main-build ».
13:20:45 **** Incremental Build of configuration Debug for project ExempleIMU ****
make pre-build main-build 
a9-linaro-pre-build-step
' '
make: Rien à faire pour « main-build ».
13:24:35 **** Incremental Build of configuration Debug for project ExempleIMU ****
make pre-build main-build 
a9-linaro-pre-build-step
' '
make: Rien à faire pour « main-build ».
13:28:14 **** Incremental Build of configuration Debug for project ExempleIMU ****
make pre-build main-build 
a9-linaro-pre-build-step
' '
make: Rien à faire pour « main-build ».
13:35:34 **** Auto Build of configuration Debug for project ExempleIMU ****
make pre-build main-build 
a9-linaro-pre-build-step
' '
'Building file: ../src/main.c'
'Invoking: ARM v7 gcc compiler'
arm-none-eabi-gcc -Wall -O0 -g3 -c -fmessage-length=0 -MT"src/main.o" -mcpu=cortex-a9 -mfpu=vfpv3 -mfloat-abi=hard -I../../ExempleIMU_bsp/ps7_cortexa9_0/include -MMD -MP -MF"src/main.d" -MT"src/main.o" -o "src/main.o" "../src/main.c"
'Finished building: ../src/main.c'
' '
'Building target: ExempleIMU.elf'
'Invoking: ARM v7 gcc linker'
arm-none-eabi-gcc -mcpu=cortex-a9 -mfpu=vfpv3 -mfloat-abi=hard -Wl,-build-id=none -specs=Xilinx.spec -Wl,-T -Wl,../src/lscript.ld -L../../ExempleIMU_bsp/ps7_cortexa9_0/lib -o "ExempleIMU.elf"  ./src/IMU_Functions.o ./src/main.o   -Wl,--start-group,-lxil,-lgcc,-lc,--end-group
'Finished building target: ExempleIMU.elf'
' '
'Invoking: ARM v7 Print Size'
arm-none-eabi-size ExempleIMU.elf  |tee "ExempleIMU.elf.size"
   text	   data	    bss	    dec	    hex	filename
  99492	   2592	  23456	 125540	  1ea64	ExempleIMU.elf
'Finished building: ExempleIMU.elf.size'
' '
13:35:53 **** Incremental Build of configuration Debug for project ExempleIMU ****
make pre-build main-build 
a9-linaro-pre-build-step
' '
make: Rien à faire pour « main-build ».
13:37:47 **** Incremental Build of configuration Debug for project ExempleIMU ****
make pre-build main-build 
a9-linaro-pre-build-step
' '
make: Rien à faire pour « main-build ».
13:40:06 **** Auto Build of configuration Debug for project ExempleIMU ****
make pre-build main-build 
a9-linaro-pre-build-step
' '
'Building file: ../src/main.c'
'Invoking: ARM v7 gcc compiler'
arm-none-eabi-gcc -Wall -O0 -g3 -c -fmessage-length=0 -MT"src/main.o" -mcpu=cortex-a9 -mfpu=vfpv3 -mfloat-abi=hard -I../../ExempleIMU_bsp/ps7_cortexa9_0/include -MMD -MP -MF"src/main.d" -MT"src/main.o" -o "src/main.o" "../src/main.c"
'Finished building: ../src/main.c'
' '
'Building target: ExempleIMU.elf'
'Invoking: ARM v7 gcc linker'
arm-none-eabi-gcc -mcpu=cortex-a9 -mfpu=vfpv3 -mfloat-abi=hard -Wl,-build-id=none -specs=Xilinx.spec -Wl,-T -Wl,../src/lscript.ld -L../../ExempleIMU_bsp/ps7_cortexa9_0/lib -o "ExempleIMU.elf"  ./src/IMU_Functions.o ./src/main.o   -Wl,--start-group,-lxil,-lgcc,-lc,--end-group
'Finished building target: ExempleIMU.elf'
' '
'Invoking: ARM v7 Print Size'
arm-none-eabi-size ExempleIMU.elf  |tee "ExempleIMU.elf.size"
   text	   data	    bss	    dec	    hex	filename
  99492	   2592	  23456	 125540	  1ea64	ExempleIMU.elf
'Finished building: ExempleIMU.elf.size'
' '
13:40:26 **** Incremental Build of configuration Debug for project ExempleIMU ****
make pre-build main-build 
a9-linaro-pre-build-step
' '
make: Rien à faire pour « main-build ».
13:40:55 **** Auto Build of configuration Debug for project ExempleIMU ****
make pre-build main-build 
a9-linaro-pre-build-step
' '
'Building file: ../src/main.c'
'Invoking: ARM v7 gcc compiler'
arm-none-eabi-gcc -Wall -O0 -g3 -c -fmessage-length=0 -MT"src/main.o" -mcpu=cortex-a9 -mfpu=vfpv3 -mfloat-abi=hard -I../../ExempleIMU_bsp/ps7_cortexa9_0/include -MMD -MP -MF"src/main.d" -MT"src/main.o" -o "src/main.o" "../src/main.c"
'Finished building: ../src/main.c'
' '
'Building target: ExempleIMU.elf'
'Invoking: ARM v7 gcc linker'
arm-none-eabi-gcc -mcpu=cortex-a9 -mfpu=vfpv3 -mfloat-abi=hard -Wl,-build-id=none -specs=Xilinx.spec -Wl,-T -Wl,../src/lscript.ld -L../../ExempleIMU_bsp/ps7_cortexa9_0/lib -o "ExempleIMU.elf"  ./src/IMU_Functions.o ./src/main.o   -Wl,--start-group,-lxil,-lgcc,-lc,--end-group
'Finished building target: ExempleIMU.elf'
' '
'Invoking: ARM v7 Print Size'
arm-none-eabi-size ExempleIMU.elf  |tee "ExempleIMU.elf.size"
   text	   data	    bss	    dec	    hex	filename
  99492	   2592	  23456	 125540	  1ea64	ExempleIMU.elf
'Finished building: ExempleIMU.elf.size'
' '
13:41:01 **** Incremental Build of configuration Debug for project ExempleIMU ****
make pre-build main-build 
a9-linaro-pre-build-step
' '
make: Rien à faire pour « main-build ».
13:41:23 **** Auto Build of configuration Debug for project ExempleIMU ****
make pre-build main-build 
a9-linaro-pre-build-step
' '
'Building file: ../src/main.c'
'Invoking: ARM v7 gcc compiler'
arm-none-eabi-gcc -Wall -O0 -g3 -c -fmessage-length=0 -MT"src/main.o" -mcpu=cortex-a9 -mfpu=vfpv3 -mfloat-abi=hard -I../../ExempleIMU_bsp/ps7_cortexa9_0/include -MMD -MP -MF"src/main.d" -MT"src/main.o" -o "src/main.o" "../src/main.c"
'Finished building: ../src/main.c'
' '
'Building target: ExempleIMU.elf'
'Invoking: ARM v7 gcc linker'
arm-none-eabi-gcc -mcpu=cortex-a9 -mfpu=vfpv3 -mfloat-abi=hard -Wl,-build-id=none -specs=Xilinx.spec -Wl,-T -Wl,../src/lscript.ld -L../../ExempleIMU_bsp/ps7_cortexa9_0/lib -o "ExempleIMU.elf"  ./src/IMU_Functions.o ./src/main.o   -Wl,--start-group,-lxil,-lgcc,-lc,--end-group
'Finished building target: ExempleIMU.elf'
' '
'Invoking: ARM v7 Print Size'
arm-none-eabi-size ExempleIMU.elf  |tee "ExempleIMU.elf.size"
   text	   data	    bss	    dec	    hex	filename
  99492	   2592	  23456	 125540	  1ea64	ExempleIMU.elf
'Finished building: ExempleIMU.elf.size'
' '
13:41:31 **** Incremental Build of configuration Debug for project ExempleIMU ****
make pre-build main-build 
a9-linaro-pre-build-step
' '
make: Rien à faire pour « main-build ».
13:41:47 **** Auto Build of configuration Debug for project ExempleIMU ****
make pre-build main-build 
a9-linaro-pre-build-step
' '
'Building file: ../src/main.c'
'Invoking: ARM v7 gcc compiler'
arm-none-eabi-gcc -Wall -O0 -g3 -c -fmessage-length=0 -MT"src/main.o" -mcpu=cortex-a9 -mfpu=vfpv3 -mfloat-abi=hard -I../../ExempleIMU_bsp/ps7_cortexa9_0/include -MMD -MP -MF"src/main.d" -MT"src/main.o" -o "src/main.o" "../src/main.c"
'Finished building: ../src/main.c'
' '
'Building target: ExempleIMU.elf'
'Invoking: ARM v7 gcc linker'
arm-none-eabi-gcc -mcpu=cortex-a9 -mfpu=vfpv3 -mfloat-abi=hard -Wl,-build-id=none -specs=Xilinx.spec -Wl,-T -Wl,../src/lscript.ld -L../../ExempleIMU_bsp/ps7_cortexa9_0/lib -o "ExempleIMU.elf"  ./src/IMU_Functions.o ./src/main.o   -Wl,--start-group,-lxil,-lgcc,-lc,--end-group
'Finished building target: ExempleIMU.elf'
' '
'Invoking: ARM v7 Print Size'
arm-none-eabi-size ExempleIMU.elf  |tee "ExempleIMU.elf.size"
   text	   data	    bss	    dec	    hex	filename
  99492	   2592	  23456	 125540	  1ea64	ExempleIMU.elf
'Finished building: ExempleIMU.elf.size'
' '
13:41:55 **** Incremental Build of configuration Debug for project ExempleIMU ****
make pre-build main-build 
a9-linaro-pre-build-step
' '
make: Rien à faire pour « main-build ».
13:42:16 **** Auto Build of configuration Debug for project ExempleIMU ****
make pre-build main-build 
a9-linaro-pre-build-step
' '
'Building file: ../src/main.c'
'Invoking: ARM v7 gcc compiler'
arm-none-eabi-gcc -Wall -O0 -g3 -c -fmessage-length=0 -MT"src/main.o" -mcpu=cortex-a9 -mfpu=vfpv3 -mfloat-abi=hard -I../../ExempleIMU_bsp/ps7_cortexa9_0/include -MMD -MP -MF"src/main.d" -MT"src/main.o" -o "src/main.o" "../src/main.c"
'Finished building: ../src/main.c'
' '
'Building target: ExempleIMU.elf'
'Invoking: ARM v7 gcc linker'
arm-none-eabi-gcc -mcpu=cortex-a9 -mfpu=vfpv3 -mfloat-abi=hard -Wl,-build-id=none -specs=Xilinx.spec -Wl,-T -Wl,../src/lscript.ld -L../../ExempleIMU_bsp/ps7_cortexa9_0/lib -o "ExempleIMU.elf"  ./src/IMU_Functions.o ./src/main.o   -Wl,--start-group,-lxil,-lgcc,-lc,--end-group
'Finished building target: ExempleIMU.elf'
' '
'Invoking: ARM v7 Print Size'
arm-none-eabi-size ExempleIMU.elf  |tee "ExempleIMU.elf.size"
   text	   data	    bss	    dec	    hex	filename
  99492	   2592	  23456	 125540	  1ea64	ExempleIMU.elf
'Finished building: ExempleIMU.elf.size'
' '
13:43:05 **** Auto Build of configuration Debug for project ExempleIMU ****
make pre-build main-build 
a9-linaro-pre-build-step
' '
'Building file: ../src/IMU_Functions.c'
'Invoking: ARM v7 gcc compiler'
arm-none-eabi-gcc -Wall -O0 -g3 -c -fmessage-length=0 -MT"src/IMU_Functions.o" -mcpu=cortex-a9 -mfpu=vfpv3 -mfloat-abi=hard -I../../ExempleIMU_bsp/ps7_cortexa9_0/include -MMD -MP -MF"src/IMU_Functions.d" -MT"src/IMU_Functions.o" -o "src/IMU_Functions.o" "../src/IMU_Functions.c"
'Finished building: ../src/IMU_Functions.c'
' '
'Building target: ExempleIMU.elf'
'Invoking: ARM v7 gcc linker'
arm-none-eabi-gcc -mcpu=cortex-a9 -mfpu=vfpv3 -mfloat-abi=hard -Wl,-build-id=none -specs=Xilinx.spec -Wl,-T -Wl,../src/lscript.ld -L../../ExempleIMU_bsp/ps7_cortexa9_0/lib -o "ExempleIMU.elf"  ./src/IMU_Functions.o ./src/main.o   -Wl,--start-group,-lxil,-lgcc,-lc,--end-group
'Finished building target: ExempleIMU.elf'
' '
'Invoking: ARM v7 Print Size'
arm-none-eabi-size ExempleIMU.elf  |tee "ExempleIMU.elf.size"
   text	   data	    bss	    dec	    hex	filename
  99428	   2592	  23456	 125476	  1ea24	ExempleIMU.elf
'Finished building: ExempleIMU.elf.size'
' '
13:43:56 **** Auto Build of configuration Debug for project ExempleIMU ****
make pre-build main-build 
a9-linaro-pre-build-step
' '
'Building file: ../src/main.c'
'Invoking: ARM v7 gcc compiler'
arm-none-eabi-gcc -Wall -O0 -g3 -c -fmessage-length=0 -MT"src/main.o" -mcpu=cortex-a9 -mfpu=vfpv3 -mfloat-abi=hard -I../../ExempleIMU_bsp/ps7_cortexa9_0/include -MMD -MP -MF"src/main.d" -MT"src/main.o" -o "src/main.o" "../src/main.c"
'Finished building: ../src/main.c'
' '
'Building target: ExempleIMU.elf'
'Invoking: ARM v7 gcc linker'
arm-none-eabi-gcc -mcpu=cortex-a9 -mfpu=vfpv3 -mfloat-abi=hard -Wl,-build-id=none -specs=Xilinx.spec -Wl,-T -Wl,../src/lscript.ld -L../../ExempleIMU_bsp/ps7_cortexa9_0/lib -o "ExempleIMU.elf"  ./src/IMU_Functions.o ./src/main.o   -Wl,--start-group,-lxil,-lgcc,-lc,--end-group
'Finished building target: ExempleIMU.elf'
' '
'Invoking: ARM v7 Print Size'
arm-none-eabi-size ExempleIMU.elf  |tee "ExempleIMU.elf.size"
   text	   data	    bss	    dec	    hex	filename
  99492	   2592	  23456	 125540	  1ea64	ExempleIMU.elf
'Finished building: ExempleIMU.elf.size'
' '
13:44:03 **** Auto Build of configuration Debug for project ExempleIMU ****
make pre-build main-build 
a9-linaro-pre-build-step
' '
'Building file: ../src/main.c'
'Invoking: ARM v7 gcc compiler'
arm-none-eabi-gcc -Wall -O0 -g3 -c -fmessage-length=0 -MT"src/main.o" -mcpu=cortex-a9 -mfpu=vfpv3 -mfloat-abi=hard -I../../ExempleIMU_bsp/ps7_cortexa9_0/include -MMD -MP -MF"src/main.d" -MT"src/main.o" -o "src/main.o" "../src/main.c"
'Finished building: ../src/main.c'
' '
'Building target: ExempleIMU.elf'
'Invoking: ARM v7 gcc linker'
arm-none-eabi-gcc -mcpu=cortex-a9 -mfpu=vfpv3 -mfloat-abi=hard -Wl,-build-id=none -specs=Xilinx.spec -Wl,-T -Wl,../src/lscript.ld -L../../ExempleIMU_bsp/ps7_cortexa9_0/lib -o "ExempleIMU.elf"  ./src/IMU_Functions.o ./src/main.o   -Wl,--start-group,-lxil,-lgcc,-lc,--end-group
'Finished building target: ExempleIMU.elf'
' '
'Invoking: ARM v7 Print Size'
arm-none-eabi-size ExempleIMU.elf  |tee "ExempleIMU.elf.size"
   text	   data	    bss	    dec	    hex	filename
  99492	   2592	  23456	 125540	  1ea64	ExempleIMU.elf
'Finished building: ExempleIMU.elf.size'
' '
13:49:39 **** Auto Build of configuration Debug for project ExempleIMU ****
make pre-build main-build 
a9-linaro-pre-build-step
' '
'Building file: ../src/IMU_Functions.c'
'Invoking: ARM v7 gcc compiler'
arm-none-eabi-gcc -Wall -O0 -g3 -c -fmessage-length=0 -MT"src/IMU_Functions.o" -mcpu=cortex-a9 -mfpu=vfpv3 -mfloat-abi=hard -I../../ExempleIMU_bsp/ps7_cortexa9_0/include -MMD -MP -MF"src/IMU_Functions.d" -MT"src/IMU_Functions.o" -o "src/IMU_Functions.o" "../src/IMU_Functions.c"
'Finished building: ../src/IMU_Functions.c'
' '
'Building target: ExempleIMU.elf'
'Invoking: ARM v7 gcc linker'
arm-none-eabi-gcc -mcpu=cortex-a9 -mfpu=vfpv3 -mfloat-abi=hard -Wl,-build-id=none -specs=Xilinx.spec -Wl,-T -Wl,../src/lscript.ld -L../../ExempleIMU_bsp/ps7_cortexa9_0/lib -o "ExempleIMU.elf"  ./src/IMU_Functions.o ./src/main.o   -Wl,--start-group,-lxil,-lgcc,-lc,--end-group
'Finished building target: ExempleIMU.elf'
' '
'Invoking: ARM v7 Print Size'
arm-none-eabi-size ExempleIMU.elf  |tee "ExempleIMU.elf.size"
   text	   data	    bss	    dec	    hex	filename
  99492	   2592	  23456	 125540	  1ea64	ExempleIMU.elf
'Finished building: ExempleIMU.elf.size'
' '
13:50:27 **** Auto Build of configuration Debug for project ExempleIMU ****
make pre-build main-build 
a9-linaro-pre-build-step
' '
'Building file: ../src/IMU_Functions.c'
'Invoking: ARM v7 gcc compiler'
arm-none-eabi-gcc -Wall -O0 -g3 -c -fmessage-length=0 -MT"src/IMU_Functions.o" -mcpu=cortex-a9 -mfpu=vfpv3 -mfloat-abi=hard -I../../ExempleIMU_bsp/ps7_cortexa9_0/include -MMD -MP -MF"src/IMU_Functions.d" -MT"src/IMU_Functions.o" -o "src/IMU_Functions.o" "../src/IMU_Functions.c"
../src/IMU_Functions.c: In function 'Accel_raw_to_g_float':
../src/IMU_Functions.c:96:2: error: expected ';' before 'return'
  return 0;
  ^~~~~~
../src/IMU_Functions.c:97:1: warning: control reaches end of non-void function [-Wreturn-type]
 }
 ^
make: *** [src/IMU_Functions.o] Erreur 1
13:53:50 **** Auto Build of configuration Debug for project ExempleIMU ****
make pre-build main-build 
a9-linaro-pre-build-step
' '
'Building file: ../src/IMU_Functions.c'
'Invoking: ARM v7 gcc compiler'
arm-none-eabi-gcc -Wall -O0 -g3 -c -fmessage-length=0 -MT"src/IMU_Functions.o" -mcpu=cortex-a9 -mfpu=vfpv3 -mfloat-abi=hard -I../../ExempleIMU_bsp/ps7_cortexa9_0/include -MMD -MP -MF"src/IMU_Functions.d" -MT"src/IMU_Functions.o" -o "src/IMU_Functions.o" "../src/IMU_Functions.c"
'Finished building: ../src/IMU_Functions.c'
' '
'Building target: ExempleIMU.elf'
'Invoking: ARM v7 gcc linker'
arm-none-eabi-gcc -mcpu=cortex-a9 -mfpu=vfpv3 -mfloat-abi=hard -Wl,-build-id=none -specs=Xilinx.spec -Wl,-T -Wl,../src/lscript.ld -L../../ExempleIMU_bsp/ps7_cortexa9_0/lib -o "ExempleIMU.elf"  ./src/IMU_Functions.o ./src/main.o   -Wl,--start-group,-lxil,-lgcc,-lc,--end-group
'Finished building target: ExempleIMU.elf'
' '
'Invoking: ARM v7 Print Size'
arm-none-eabi-size ExempleIMU.elf  |tee "ExempleIMU.elf.size"
   text	   data	    bss	    dec	    hex	filename
  99740	   2592	  23456	 125788	  1eb5c	ExempleIMU.elf
'Finished building: ExempleIMU.elf.size'
' '
13:54:02 **** Incremental Build of configuration Debug for project ExempleIMU ****
make pre-build main-build 
a9-linaro-pre-build-step
' '
make: Rien à faire pour « main-build ».
13:54:40 **** Auto Build of configuration Debug for project ExempleIMU ****
make pre-build main-build 
a9-linaro-pre-build-step
' '
'Building file: ../src/main.c'
'Invoking: ARM v7 gcc compiler'
arm-none-eabi-gcc -Wall -O0 -g3 -c -fmessage-length=0 -MT"src/main.o" -mcpu=cortex-a9 -mfpu=vfpv3 -mfloat-abi=hard -I../../ExempleIMU_bsp/ps7_cortexa9_0/include -MMD -MP -MF"src/main.d" -MT"src/main.o" -o "src/main.o" "../src/main.c"
'Finished building: ../src/main.c'
' '
'Building target: ExempleIMU.elf'
'Invoking: ARM v7 gcc linker'
arm-none-eabi-gcc -mcpu=cortex-a9 -mfpu=vfpv3 -mfloat-abi=hard -Wl,-build-id=none -specs=Xilinx.spec -Wl,-T -Wl,../src/lscript.ld -L../../ExempleIMU_bsp/ps7_cortexa9_0/lib -o "ExempleIMU.elf"  ./src/IMU_Functions.o ./src/main.o   -Wl,--start-group,-lxil,-lgcc,-lc,--end-group
'Finished building target: ExempleIMU.elf'
' '
'Invoking: ARM v7 Print Size'
arm-none-eabi-size ExempleIMU.elf  |tee "ExempleIMU.elf.size"
   text	   data	    bss	    dec	    hex	filename
  99740	   2592	  23456	 125788	  1eb5c	ExempleIMU.elf
'Finished building: ExempleIMU.elf.size'
' '
13:54:55 **** Auto Build of configuration Debug for project ExempleIMU ****
make pre-build main-build 
a9-linaro-pre-build-step
' '
'Building file: ../src/IMU_Functions.c'
'Invoking: ARM v7 gcc compiler'
arm-none-eabi-gcc -Wall -O0 -g3 -c -fmessage-length=0 -MT"src/IMU_Functions.o" -mcpu=cortex-a9 -mfpu=vfpv3 -mfloat-abi=hard -I../../ExempleIMU_bsp/ps7_cortexa9_0/include -MMD -MP -MF"src/IMU_Functions.d" -MT"src/IMU_Functions.o" -o "src/IMU_Functions.o" "../src/IMU_Functions.c"
'Finished building: ../src/IMU_Functions.c'
' '
'Building target: ExempleIMU.elf'
'Invoking: ARM v7 gcc linker'
arm-none-eabi-gcc -mcpu=cortex-a9 -mfpu=vfpv3 -mfloat-abi=hard -Wl,-build-id=none -specs=Xilinx.spec -Wl,-T -Wl,../src/lscript.ld -L../../ExempleIMU_bsp/ps7_cortexa9_0/lib -o "ExempleIMU.elf"  ./src/IMU_Functions.o ./src/main.o   -Wl,--start-group,-lxil,-lgcc,-lc,--end-group
'Finished building target: ExempleIMU.elf'
' '
'Invoking: ARM v7 Print Size'
arm-none-eabi-size ExempleIMU.elf  |tee "ExempleIMU.elf.size"
   text	   data	    bss	    dec	    hex	filename
  99740	   2592	  23456	 125788	  1eb5c	ExempleIMU.elf
'Finished building: ExempleIMU.elf.size'
' '
13:55:05 **** Auto Build of configuration Debug for project ExempleIMU ****
make pre-build main-build 
a9-linaro-pre-build-step
' '
'Building file: ../src/IMU_Functions.c'
'Invoking: ARM v7 gcc compiler'
arm-none-eabi-gcc -Wall -O0 -g3 -c -fmessage-length=0 -MT"src/IMU_Functions.o" -mcpu=cortex-a9 -mfpu=vfpv3 -mfloat-abi=hard -I../../ExempleIMU_bsp/ps7_cortexa9_0/include -MMD -MP -MF"src/IMU_Functions.d" -MT"src/IMU_Functions.o" -o "src/IMU_Functions.o" "../src/IMU_Functions.c"
'Finished building: ../src/IMU_Functions.c'
' '
'Building target: ExempleIMU.elf'
'Invoking: ARM v7 gcc linker'
arm-none-eabi-gcc -mcpu=cortex-a9 -mfpu=vfpv3 -mfloat-abi=hard -Wl,-build-id=none -specs=Xilinx.spec -Wl,-T -Wl,../src/lscript.ld -L../../ExempleIMU_bsp/ps7_cortexa9_0/lib -o "ExempleIMU.elf"  ./src/IMU_Functions.o ./src/main.o   -Wl,--start-group,-lxil,-lgcc,-lc,--end-group
'Finished building target: ExempleIMU.elf'
' '
'Invoking: ARM v7 Print Size'
arm-none-eabi-size ExempleIMU.elf  |tee "ExempleIMU.elf.size"
   text	   data	    bss	    dec	    hex	filename
  99740	   2592	  23456	 125788	  1eb5c	ExempleIMU.elf
'Finished building: ExempleIMU.elf.size'
' '
13:56:49 **** Auto Build of configuration Debug for project ExempleIMU ****
make pre-build main-build 
a9-linaro-pre-build-step
' '
'Building file: ../src/IMU_Functions.c'
'Invoking: ARM v7 gcc compiler'
arm-none-eabi-gcc -Wall -O0 -g3 -c -fmessage-length=0 -MT"src/IMU_Functions.o" -mcpu=cortex-a9 -mfpu=vfpv3 -mfloat-abi=hard -I../../ExempleIMU_bsp/ps7_cortexa9_0/include -MMD -MP -MF"src/IMU_Functions.d" -MT"src/IMU_Functions.o" -o "src/IMU_Functions.o" "../src/IMU_Functions.c"
'Finished building: ../src/IMU_Functions.c'
' '
'Building target: ExempleIMU.elf'
'Invoking: ARM v7 gcc linker'
arm-none-eabi-gcc -mcpu=cortex-a9 -mfpu=vfpv3 -mfloat-abi=hard -Wl,-build-id=none -specs=Xilinx.spec -Wl,-T -Wl,../src/lscript.ld -L../../ExempleIMU_bsp/ps7_cortexa9_0/lib -o "ExempleIMU.elf"  ./src/IMU_Functions.o ./src/main.o   -Wl,--start-group,-lxil,-lgcc,-lc,--end-group
'Finished building target: ExempleIMU.elf'
' '
'Invoking: ARM v7 Print Size'
arm-none-eabi-size ExempleIMU.elf  |tee "ExempleIMU.elf.size"
   text	   data	    bss	    dec	    hex	filename
  99740	   2592	  23472	 125804	  1eb6c	ExempleIMU.elf
'Finished building: ExempleIMU.elf.size'
' '
13:59:05 **** Auto Build of configuration Debug for project ExempleIMU ****
make pre-build main-build 
a9-linaro-pre-build-step
' '
'Building file: ../src/IMU_Functions.c'
'Invoking: ARM v7 gcc compiler'
arm-none-eabi-gcc -Wall -O0 -g3 -c -fmessage-length=0 -MT"src/IMU_Functions.o" -mcpu=cortex-a9 -mfpu=vfpv3 -mfloat-abi=hard -I../../ExempleIMU_bsp/ps7_cortexa9_0/include -MMD -MP -MF"src/IMU_Functions.d" -MT"src/IMU_Functions.o" -o "src/IMU_Functions.o" "../src/IMU_Functions.c"
'Finished building: ../src/IMU_Functions.c'
' '
'Building target: ExempleIMU.elf'
'Invoking: ARM v7 gcc linker'
arm-none-eabi-gcc -mcpu=cortex-a9 -mfpu=vfpv3 -mfloat-abi=hard -Wl,-build-id=none -specs=Xilinx.spec -Wl,-T -Wl,../src/lscript.ld -L../../ExempleIMU_bsp/ps7_cortexa9_0/lib -o "ExempleIMU.elf"  ./src/IMU_Functions.o ./src/main.o   -Wl,--start-group,-lxil,-lgcc,-lc,--end-group
'Finished building target: ExempleIMU.elf'
' '
'Invoking: ARM v7 Print Size'
arm-none-eabi-size ExempleIMU.elf  |tee "ExempleIMU.elf.size"
   text	   data	    bss	    dec	    hex	filename
  99740	   2592	  23472	 125804	  1eb6c	ExempleIMU.elf
'Finished building: ExempleIMU.elf.size'
' '
13:59:28 **** Auto Build of configuration Debug for project ExempleIMU ****
make pre-build main-build 
a9-linaro-pre-build-step
' '
'Building file: ../src/IMU_Functions.c'
'Invoking: ARM v7 gcc compiler'
arm-none-eabi-gcc -Wall -O0 -g3 -c -fmessage-length=0 -MT"src/IMU_Functions.o" -mcpu=cortex-a9 -mfpu=vfpv3 -mfloat-abi=hard -I../../ExempleIMU_bsp/ps7_cortexa9_0/include -MMD -MP -MF"src/IMU_Functions.d" -MT"src/IMU_Functions.o" -o "src/IMU_Functions.o" "../src/IMU_Functions.c"
'Finished building: ../src/IMU_Functions.c'
' '
'Building target: ExempleIMU.elf'
'Invoking: ARM v7 gcc linker'
arm-none-eabi-gcc -mcpu=cortex-a9 -mfpu=vfpv3 -mfloat-abi=hard -Wl,-build-id=none -specs=Xilinx.spec -Wl,-T -Wl,../src/lscript.ld -L../../ExempleIMU_bsp/ps7_cortexa9_0/lib -o "ExempleIMU.elf"  ./src/IMU_Functions.o ./src/main.o   -Wl,--start-group,-lxil,-lgcc,-lc,--end-group
'Finished building target: ExempleIMU.elf'
' '
'Invoking: ARM v7 Print Size'
arm-none-eabi-size ExempleIMU.elf  |tee "ExempleIMU.elf.size"
   text	   data	    bss	    dec	    hex	filename
  99740	   2592	  23472	 125804	  1eb6c	ExempleIMU.elf
'Finished building: ExempleIMU.elf.size'
' '
14:00:08 **** Auto Build of configuration Debug for project ExempleIMU ****
make pre-build main-build 
a9-linaro-pre-build-step
' '
'Building file: ../src/IMU_Functions.c'
'Invoking: ARM v7 gcc compiler'
arm-none-eabi-gcc -Wall -O0 -g3 -c -fmessage-length=0 -MT"src/IMU_Functions.o" -mcpu=cortex-a9 -mfpu=vfpv3 -mfloat-abi=hard -I../../ExempleIMU_bsp/ps7_cortexa9_0/include -MMD -MP -MF"src/IMU_Functions.d" -MT"src/IMU_Functions.o" -o "src/IMU_Functions.o" "../src/IMU_Functions.c"
'Finished building: ../src/IMU_Functions.c'
' '
'Building target: ExempleIMU.elf'
'Invoking: ARM v7 gcc linker'
arm-none-eabi-gcc -mcpu=cortex-a9 -mfpu=vfpv3 -mfloat-abi=hard -Wl,-build-id=none -specs=Xilinx.spec -Wl,-T -Wl,../src/lscript.ld -L../../ExempleIMU_bsp/ps7_cortexa9_0/lib -o "ExempleIMU.elf"  ./src/IMU_Functions.o ./src/main.o   -Wl,--start-group,-lxil,-lgcc,-lc,--end-group
'Finished building target: ExempleIMU.elf'
' '
'Invoking: ARM v7 Print Size'
arm-none-eabi-size ExempleIMU.elf  |tee "ExempleIMU.elf.size"
   text	   data	    bss	    dec	    hex	filename
  99868	   2592	  23472	 125932	  1ebec	ExempleIMU.elf
'Finished building: ExempleIMU.elf.size'
' '
14:01:15 **** Auto Build of configuration Debug for project ExempleIMU ****
make pre-build main-build 
a9-linaro-pre-build-step
' '
'Building file: ../src/main.c'
'Invoking: ARM v7 gcc compiler'
arm-none-eabi-gcc -Wall -O0 -g3 -c -fmessage-length=0 -MT"src/main.o" -mcpu=cortex-a9 -mfpu=vfpv3 -mfloat-abi=hard -I../../ExempleIMU_bsp/ps7_cortexa9_0/include -MMD -MP -MF"src/main.d" -MT"src/main.o" -o "src/main.o" "../src/main.c"
'Finished building: ../src/main.c'
' '
'Building target: ExempleIMU.elf'
'Invoking: ARM v7 gcc linker'
arm-none-eabi-gcc -mcpu=cortex-a9 -mfpu=vfpv3 -mfloat-abi=hard -Wl,-build-id=none -specs=Xilinx.spec -Wl,-T -Wl,../src/lscript.ld -L../../ExempleIMU_bsp/ps7_cortexa9_0/lib -o "ExempleIMU.elf"  ./src/IMU_Functions.o ./src/main.o   -Wl,--start-group,-lxil,-lgcc,-lc,--end-group
'Finished building target: ExempleIMU.elf'
' '
'Invoking: ARM v7 Print Size'
arm-none-eabi-size ExempleIMU.elf  |tee "ExempleIMU.elf.size"
   text	   data	    bss	    dec	    hex	filename
  99868	   2592	  23472	 125932	  1ebec	ExempleIMU.elf
'Finished building: ExempleIMU.elf.size'
' '
14:01:28 **** Auto Build of configuration Debug for project ExempleIMU ****
make pre-build main-build 
a9-linaro-pre-build-step
' '
'Building file: ../src/main.c'
'Invoking: ARM v7 gcc compiler'
arm-none-eabi-gcc -Wall -O0 -g3 -c -fmessage-length=0 -MT"src/main.o" -mcpu=cortex-a9 -mfpu=vfpv3 -mfloat-abi=hard -I../../ExempleIMU_bsp/ps7_cortexa9_0/include -MMD -MP -MF"src/main.d" -MT"src/main.o" -o "src/main.o" "../src/main.c"
'Finished building: ../src/main.c'
' '
'Building target: ExempleIMU.elf'
'Invoking: ARM v7 gcc linker'
arm-none-eabi-gcc -mcpu=cortex-a9 -mfpu=vfpv3 -mfloat-abi=hard -Wl,-build-id=none -specs=Xilinx.spec -Wl,-T -Wl,../src/lscript.ld -L../../ExempleIMU_bsp/ps7_cortexa9_0/lib -o "ExempleIMU.elf"  ./src/IMU_Functions.o ./src/main.o   -Wl,--start-group,-lxil,-lgcc,-lc,--end-group
'Finished building target: ExempleIMU.elf'
' '
'Invoking: ARM v7 Print Size'
arm-none-eabi-size ExempleIMU.elf  |tee "ExempleIMU.elf.size"
   text	   data	    bss	    dec	    hex	filename
  99868	   2592	  23472	 125932	  1ebec	ExempleIMU.elf
'Finished building: ExempleIMU.elf.size'
' '
14:01:58 **** Auto Build of configuration Debug for project ExempleIMU ****
make pre-build main-build 
a9-linaro-pre-build-step
' '
'Building file: ../src/main.c'
'Invoking: ARM v7 gcc compiler'
arm-none-eabi-gcc -Wall -O0 -g3 -c -fmessage-length=0 -MT"src/main.o" -mcpu=cortex-a9 -mfpu=vfpv3 -mfloat-abi=hard -I../../ExempleIMU_bsp/ps7_cortexa9_0/include -MMD -MP -MF"src/main.d" -MT"src/main.o" -o "src/main.o" "../src/main.c"
'Finished building: ../src/main.c'
' '
'Building target: ExempleIMU.elf'
'Invoking: ARM v7 gcc linker'
arm-none-eabi-gcc -mcpu=cortex-a9 -mfpu=vfpv3 -mfloat-abi=hard -Wl,-build-id=none -specs=Xilinx.spec -Wl,-T -Wl,../src/lscript.ld -L../../ExempleIMU_bsp/ps7_cortexa9_0/lib -o "ExempleIMU.elf"  ./src/IMU_Functions.o ./src/main.o   -Wl,--start-group,-lxil,-lgcc,-lc,--end-group
'Finished building target: ExempleIMU.elf'
' '
'Invoking: ARM v7 Print Size'
arm-none-eabi-size ExempleIMU.elf  |tee "ExempleIMU.elf.size"
   text	   data	    bss	    dec	    hex	filename
  99868	   2592	  23472	 125932	  1ebec	ExempleIMU.elf
'Finished building: ExempleIMU.elf.size'
' '
14:02:06 **** Auto Build of configuration Debug for project ExempleIMU ****
make pre-build main-build 
a9-linaro-pre-build-step
' '
'Building file: ../src/IMU_Functions.c'
'Invoking: ARM v7 gcc compiler'
arm-none-eabi-gcc -Wall -O0 -g3 -c -fmessage-length=0 -MT"src/IMU_Functions.o" -mcpu=cortex-a9 -mfpu=vfpv3 -mfloat-abi=hard -I../../ExempleIMU_bsp/ps7_cortexa9_0/include -MMD -MP -MF"src/IMU_Functions.d" -MT"src/IMU_Functions.o" -o "src/IMU_Functions.o" "../src/IMU_Functions.c"
'Finished building: ../src/IMU_Functions.c'
' '
'Building target: ExempleIMU.elf'
'Invoking: ARM v7 gcc linker'
arm-none-eabi-gcc -mcpu=cortex-a9 -mfpu=vfpv3 -mfloat-abi=hard -Wl,-build-id=none -specs=Xilinx.spec -Wl,-T -Wl,../src/lscript.ld -L../../ExempleIMU_bsp/ps7_cortexa9_0/lib -o "ExempleIMU.elf"  ./src/IMU_Functions.o ./src/main.o   -Wl,--start-group,-lxil,-lgcc,-lc,--end-group
'Finished building target: ExempleIMU.elf'
' '
'Invoking: ARM v7 Print Size'
arm-none-eabi-size ExempleIMU.elf  |tee "ExempleIMU.elf.size"
   text	   data	    bss	    dec	    hex	filename
  99868	   2592	  23472	 125932	  1ebec	ExempleIMU.elf
'Finished building: ExempleIMU.elf.size'
' '
14:02:10 **** Auto Build of configuration Debug for project ExempleIMU ****
make pre-build main-build 
a9-linaro-pre-build-step
' '
'Building file: ../src/IMU_Functions.c'
'Invoking: ARM v7 gcc compiler'
arm-none-eabi-gcc -Wall -O0 -g3 -c -fmessage-length=0 -MT"src/IMU_Functions.o" -mcpu=cortex-a9 -mfpu=vfpv3 -mfloat-abi=hard -I../../ExempleIMU_bsp/ps7_cortexa9_0/include -MMD -MP -MF"src/IMU_Functions.d" -MT"src/IMU_Functions.o" -o "src/IMU_Functions.o" "../src/IMU_Functions.c"
'Finished building: ../src/IMU_Functions.c'
' '
'Building target: ExempleIMU.elf'
'Invoking: ARM v7 gcc linker'
arm-none-eabi-gcc -mcpu=cortex-a9 -mfpu=vfpv3 -mfloat-abi=hard -Wl,-build-id=none -specs=Xilinx.spec -Wl,-T -Wl,../src/lscript.ld -L../../ExempleIMU_bsp/ps7_cortexa9_0/lib -o "ExempleIMU.elf"  ./src/IMU_Functions.o ./src/main.o   -Wl,--start-group,-lxil,-lgcc,-lc,--end-group
'Finished building target: ExempleIMU.elf'
' '
'Invoking: ARM v7 Print Size'
arm-none-eabi-size ExempleIMU.elf  |tee "ExempleIMU.elf.size"
   text	   data	    bss	    dec	    hex	filename
  99868	   2592	  23472	 125932	  1ebec	ExempleIMU.elf
'Finished building: ExempleIMU.elf.size'
' '
14:02:41 **** Auto Build of configuration Debug for project ExempleIMU ****
make pre-build main-build 
a9-linaro-pre-build-step
' '
'Building file: ../src/IMU_Functions.c'
'Invoking: ARM v7 gcc compiler'
arm-none-eabi-gcc -Wall -O0 -g3 -c -fmessage-length=0 -MT"src/IMU_Functions.o" -mcpu=cortex-a9 -mfpu=vfpv3 -mfloat-abi=hard -I../../ExempleIMU_bsp/ps7_cortexa9_0/include -MMD -MP -MF"src/IMU_Functions.d" -MT"src/IMU_Functions.o" -o "src/IMU_Functions.o" "../src/IMU_Functions.c"
'Finished building: ../src/IMU_Functions.c'
' '
'Building target: ExempleIMU.elf'
'Invoking: ARM v7 gcc linker'
arm-none-eabi-gcc -mcpu=cortex-a9 -mfpu=vfpv3 -mfloat-abi=hard -Wl,-build-id=none -specs=Xilinx.spec -Wl,-T -Wl,../src/lscript.ld -L../../ExempleIMU_bsp/ps7_cortexa9_0/lib -o "ExempleIMU.elf"  ./src/IMU_Functions.o ./src/main.o   -Wl,--start-group,-lxil,-lgcc,-lc,--end-group
'Finished building target: ExempleIMU.elf'
' '
'Invoking: ARM v7 Print Size'
arm-none-eabi-size ExempleIMU.elf  |tee "ExempleIMU.elf.size"
   text	   data	    bss	    dec	    hex	filename
  99996	   2592	  23472	 126060	  1ec6c	ExempleIMU.elf
'Finished building: ExempleIMU.elf.size'
' '
14:02:58 **** Auto Build of configuration Debug for project ExempleIMU ****
make pre-build main-build 
a9-linaro-pre-build-step
' '
'Building file: ../src/IMU_Functions.c'
'Invoking: ARM v7 gcc compiler'
arm-none-eabi-gcc -Wall -O0 -g3 -c -fmessage-length=0 -MT"src/IMU_Functions.o" -mcpu=cortex-a9 -mfpu=vfpv3 -mfloat-abi=hard -I../../ExempleIMU_bsp/ps7_cortexa9_0/include -MMD -MP -MF"src/IMU_Functions.d" -MT"src/IMU_Functions.o" -o "src/IMU_Functions.o" "../src/IMU_Functions.c"
'Finished building: ../src/IMU_Functions.c'
' '
'Building target: ExempleIMU.elf'
'Invoking: ARM v7 gcc linker'
arm-none-eabi-gcc -mcpu=cortex-a9 -mfpu=vfpv3 -mfloat-abi=hard -Wl,-build-id=none -specs=Xilinx.spec -Wl,-T -Wl,../src/lscript.ld -L../../ExempleIMU_bsp/ps7_cortexa9_0/lib -o "ExempleIMU.elf"  ./src/IMU_Functions.o ./src/main.o   -Wl,--start-group,-lxil,-lgcc,-lc,--end-group
'Finished building target: ExempleIMU.elf'
' '
'Invoking: ARM v7 Print Size'
arm-none-eabi-size ExempleIMU.elf  |tee "ExempleIMU.elf.size"
   text	   data	    bss	    dec	    hex	filename
  99996	   2592	  23472	 126060	  1ec6c	ExempleIMU.elf
'Finished building: ExempleIMU.elf.size'
' '
14:03:17 **** Incremental Build of configuration Debug for project ExempleIMU ****
make pre-build main-build 
a9-linaro-pre-build-step
' '
make: Rien à faire pour « main-build ».
14:05:00 **** Auto Build of configuration Debug for project ExempleIMU ****
make pre-build main-build 
a9-linaro-pre-build-step
' '
'Building file: ../src/main.c'
'Invoking: ARM v7 gcc compiler'
arm-none-eabi-gcc -Wall -O0 -g3 -c -fmessage-length=0 -MT"src/main.o" -mcpu=cortex-a9 -mfpu=vfpv3 -mfloat-abi=hard -I../../ExempleIMU_bsp/ps7_cortexa9_0/include -MMD -MP -MF"src/main.d" -MT"src/main.o" -o "src/main.o" "../src/main.c"
'Finished building: ../src/main.c'
' '
'Building target: ExempleIMU.elf'
'Invoking: ARM v7 gcc linker'
arm-none-eabi-gcc -mcpu=cortex-a9 -mfpu=vfpv3 -mfloat-abi=hard -Wl,-build-id=none -specs=Xilinx.spec -Wl,-T -Wl,../src/lscript.ld -L../../ExempleIMU_bsp/ps7_cortexa9_0/lib -o "ExempleIMU.elf"  ./src/IMU_Functions.o ./src/main.o   -Wl,--start-group,-lxil,-lgcc,-lc,--end-group
'Finished building target: ExempleIMU.elf'
' '
'Invoking: ARM v7 Print Size'
arm-none-eabi-size ExempleIMU.elf  |tee "ExempleIMU.elf.size"
   text	   data	    bss	    dec	    hex	filename
  99996	   2592	  23472	 126060	  1ec6c	ExempleIMU.elf
'Finished building: ExempleIMU.elf.size'
' '
14:05:13 **** Incremental Build of configuration Debug for project ExempleIMU ****
make pre-build main-build 
a9-linaro-pre-build-step
' '
make: Rien à faire pour « main-build ».
14:06:26 **** Auto Build of configuration Debug for project ExempleIMU ****
make pre-build main-build 
a9-linaro-pre-build-step
' '
'Building file: ../src/main.c'
'Invoking: ARM v7 gcc compiler'
arm-none-eabi-gcc -Wall -O0 -g3 -c -fmessage-length=0 -MT"src/main.o" -mcpu=cortex-a9 -mfpu=vfpv3 -mfloat-abi=hard -I../../ExempleIMU_bsp/ps7_cortexa9_0/include -MMD -MP -MF"src/main.d" -MT"src/main.o" -o "src/main.o" "../src/main.c"
'Finished building: ../src/main.c'
' '
'Building target: ExempleIMU.elf'
'Invoking: ARM v7 gcc linker'
arm-none-eabi-gcc -mcpu=cortex-a9 -mfpu=vfpv3 -mfloat-abi=hard -Wl,-build-id=none -specs=Xilinx.spec -Wl,-T -Wl,../src/lscript.ld -L../../ExempleIMU_bsp/ps7_cortexa9_0/lib -o "ExempleIMU.elf"  ./src/IMU_Functions.o ./src/main.o   -Wl,--start-group,-lxil,-lgcc,-lc,--end-group
'Finished building target: ExempleIMU.elf'
' '
'Invoking: ARM v7 Print Size'
arm-none-eabi-size ExempleIMU.elf  |tee "ExempleIMU.elf.size"
   text	   data	    bss	    dec	    hex	filename
  99996	   2592	  23472	 126060	  1ec6c	ExempleIMU.elf
'Finished building: ExempleIMU.elf.size'
' '
14:06:35 **** Auto Build of configuration Debug for project ExempleIMU ****
make pre-build main-build 
a9-linaro-pre-build-step
' '
'Building file: ../src/main.c'
'Invoking: ARM v7 gcc compiler'
arm-none-eabi-gcc -Wall -O0 -g3 -c -fmessage-length=0 -MT"src/main.o" -mcpu=cortex-a9 -mfpu=vfpv3 -mfloat-abi=hard -I../../ExempleIMU_bsp/ps7_cortexa9_0/include -MMD -MP -MF"src/main.d" -MT"src/main.o" -o "src/main.o" "../src/main.c"
'Finished building: ../src/main.c'
' '
'Building target: ExempleIMU.elf'
'Invoking: ARM v7 gcc linker'
arm-none-eabi-gcc -mcpu=cortex-a9 -mfpu=vfpv3 -mfloat-abi=hard -Wl,-build-id=none -specs=Xilinx.spec -Wl,-T -Wl,../src/lscript.ld -L../../ExempleIMU_bsp/ps7_cortexa9_0/lib -o "ExempleIMU.elf"  ./src/IMU_Functions.o ./src/main.o   -Wl,--start-group,-lxil,-lgcc,-lc,--end-group
'Finished building target: ExempleIMU.elf'
' '
'Invoking: ARM v7 Print Size'
arm-none-eabi-size ExempleIMU.elf  |tee "ExempleIMU.elf.size"
   text	   data	    bss	    dec	    hex	filename
  99996	   2592	  23472	 126060	  1ec6c	ExempleIMU.elf
'Finished building: ExempleIMU.elf.size'
' '
14:06:45 **** Incremental Build of configuration Debug for project ExempleIMU ****
make pre-build main-build 
a9-linaro-pre-build-step
' '
make: Rien à faire pour « main-build ».
14:09:12 **** Auto Build of configuration Debug for project ExempleIMU ****
make pre-build main-build 
a9-linaro-pre-build-step
' '
'Building file: ../src/IMU_Functions.c'
'Invoking: ARM v7 gcc compiler'
arm-none-eabi-gcc -Wall -O0 -g3 -c -fmessage-length=0 -MT"src/IMU_Functions.o" -mcpu=cortex-a9 -mfpu=vfpv3 -mfloat-abi=hard -I../../ExempleIMU_bsp/ps7_cortexa9_0/include -MMD -MP -MF"src/IMU_Functions.d" -MT"src/IMU_Functions.o" -o "src/IMU_Functions.o" "../src/IMU_Functions.c"
'Finished building: ../src/IMU_Functions.c'
' '
'Building target: ExempleIMU.elf'
'Invoking: ARM v7 gcc linker'
arm-none-eabi-gcc -mcpu=cortex-a9 -mfpu=vfpv3 -mfloat-abi=hard -Wl,-build-id=none -specs=Xilinx.spec -Wl,-T -Wl,../src/lscript.ld -L../../ExempleIMU_bsp/ps7_cortexa9_0/lib -o "ExempleIMU.elf"  ./src/IMU_Functions.o ./src/main.o   -Wl,--start-group,-lxil,-lgcc,-lc,--end-group
'Finished building target: ExempleIMU.elf'
' '
'Invoking: ARM v7 Print Size'
arm-none-eabi-size ExempleIMU.elf  |tee "ExempleIMU.elf.size"
   text	   data	    bss	    dec	    hex	filename
  99996	   2592	  23472	 126060	  1ec6c	ExempleIMU.elf
'Finished building: ExempleIMU.elf.size'
' '
14:09:32 **** Auto Build of configuration Debug for project ExempleIMU ****
make pre-build main-build 
a9-linaro-pre-build-step
' '
'Building file: ../src/IMU_Functions.c'
'Invoking: ARM v7 gcc compiler'
arm-none-eabi-gcc -Wall -O0 -g3 -c -fmessage-length=0 -MT"src/IMU_Functions.o" -mcpu=cortex-a9 -mfpu=vfpv3 -mfloat-abi=hard -I../../ExempleIMU_bsp/ps7_cortexa9_0/include -MMD -MP -MF"src/IMU_Functions.d" -MT"src/IMU_Functions.o" -o "src/IMU_Functions.o" "../src/IMU_Functions.c"
'Finished building: ../src/IMU_Functions.c'
' '
'Building target: ExempleIMU.elf'
'Invoking: ARM v7 gcc linker'
arm-none-eabi-gcc -mcpu=cortex-a9 -mfpu=vfpv3 -mfloat-abi=hard -Wl,-build-id=none -specs=Xilinx.spec -Wl,-T -Wl,../src/lscript.ld -L../../ExempleIMU_bsp/ps7_cortexa9_0/lib -o "ExempleIMU.elf"  ./src/IMU_Functions.o ./src/main.o   -Wl,--start-group,-lxil,-lgcc,-lc,--end-group
'Finished building target: ExempleIMU.elf'
' '
'Invoking: ARM v7 Print Size'
arm-none-eabi-size ExempleIMU.elf  |tee "ExempleIMU.elf.size"
   text	   data	    bss	    dec	    hex	filename
  99996	   2592	  23472	 126060	  1ec6c	ExempleIMU.elf
'Finished building: ExempleIMU.elf.size'
' '
14:10:04 **** Incremental Build of configuration Debug for project ExempleIMU ****
make pre-build main-build 
a9-linaro-pre-build-step
' '
make: Rien à faire pour « main-build ».
14:11:29 **** Auto Build of configuration Debug for project ExempleIMU ****
make pre-build main-build 
a9-linaro-pre-build-step
' '
'Building file: ../src/IMU_Functions.c'
'Invoking: ARM v7 gcc compiler'
arm-none-eabi-gcc -Wall -O0 -g3 -c -fmessage-length=0 -MT"src/IMU_Functions.o" -mcpu=cortex-a9 -mfpu=vfpv3 -mfloat-abi=hard -I../../ExempleIMU_bsp/ps7_cortexa9_0/include -MMD -MP -MF"src/IMU_Functions.d" -MT"src/IMU_Functions.o" -o "src/IMU_Functions.o" "../src/IMU_Functions.c"
'Finished building: ../src/IMU_Functions.c'
' '
'Building target: ExempleIMU.elf'
'Invoking: ARM v7 gcc linker'
arm-none-eabi-gcc -mcpu=cortex-a9 -mfpu=vfpv3 -mfloat-abi=hard -Wl,-build-id=none -specs=Xilinx.spec -Wl,-T -Wl,../src/lscript.ld -L../../ExempleIMU_bsp/ps7_cortexa9_0/lib -o "ExempleIMU.elf"  ./src/IMU_Functions.o ./src/main.o   -Wl,--start-group,-lxil,-lgcc,-lc,--end-group
'Finished building target: ExempleIMU.elf'
' '
'Invoking: ARM v7 Print Size'
arm-none-eabi-size ExempleIMU.elf  |tee "ExempleIMU.elf.size"
   text	   data	    bss	    dec	    hex	filename
  99996	   2592	  23472	 126060	  1ec6c	ExempleIMU.elf
'Finished building: ExempleIMU.elf.size'
' '
14:11:34 **** Auto Build of configuration Debug for project ExempleIMU ****
make pre-build main-build 
a9-linaro-pre-build-step
' '
'Building file: ../src/IMU_Functions.c'
'Invoking: ARM v7 gcc compiler'
arm-none-eabi-gcc -Wall -O0 -g3 -c -fmessage-length=0 -MT"src/IMU_Functions.o" -mcpu=cortex-a9 -mfpu=vfpv3 -mfloat-abi=hard -I../../ExempleIMU_bsp/ps7_cortexa9_0/include -MMD -MP -MF"src/IMU_Functions.d" -MT"src/IMU_Functions.o" -o "src/IMU_Functions.o" "../src/IMU_Functions.c"
'Finished building: ../src/IMU_Functions.c'
' '
'Building target: ExempleIMU.elf'
'Invoking: ARM v7 gcc linker'
arm-none-eabi-gcc -mcpu=cortex-a9 -mfpu=vfpv3 -mfloat-abi=hard -Wl,-build-id=none -specs=Xilinx.spec -Wl,-T -Wl,../src/lscript.ld -L../../ExempleIMU_bsp/ps7_cortexa9_0/lib -o "ExempleIMU.elf"  ./src/IMU_Functions.o ./src/main.o   -Wl,--start-group,-lxil,-lgcc,-lc,--end-group
'Finished building target: ExempleIMU.elf'
' '
'Invoking: ARM v7 Print Size'
arm-none-eabi-size ExempleIMU.elf  |tee "ExempleIMU.elf.size"
   text	   data	    bss	    dec	    hex	filename
  99996	   2592	  23472	 126060	  1ec6c	ExempleIMU.elf
'Finished building: ExempleIMU.elf.size'
' '
14:11:43 **** Incremental Build of configuration Debug for project ExempleIMU ****
make pre-build main-build 
a9-linaro-pre-build-step
' '
make: Rien à faire pour « main-build ».
14:12:10 **** Incremental Build of configuration Debug for project ExempleIMU ****
make pre-build main-build 
a9-linaro-pre-build-step
' '
make: Rien à faire pour « main-build ».
14:13:01 **** Incremental Build of configuration Debug for project ExempleIMU ****
make pre-build main-build 
a9-linaro-pre-build-step
' '
make: Rien à faire pour « main-build ».
14:13:17 **** Incremental Build of configuration Debug for project ExempleIMU ****
make pre-build main-build 
a9-linaro-pre-build-step
' '
make: Rien à faire pour « main-build ».
14:14:49 **** Incremental Build of configuration Debug for project ExempleIMU ****
make pre-build main-build 
a9-linaro-pre-build-step
' '
make: Rien à faire pour « main-build ».
14:15:56 **** Auto Build of configuration Debug for project ExempleIMU ****
make pre-build main-build 
a9-linaro-pre-build-step
' '
'Building file: ../src/IMU_Functions.c'
'Invoking: ARM v7 gcc compiler'
arm-none-eabi-gcc -Wall -O0 -g3 -c -fmessage-length=0 -MT"src/IMU_Functions.o" -mcpu=cortex-a9 -mfpu=vfpv3 -mfloat-abi=hard -I../../ExempleIMU_bsp/ps7_cortexa9_0/include -MMD -MP -MF"src/IMU_Functions.d" -MT"src/IMU_Functions.o" -o "src/IMU_Functions.o" "../src/IMU_Functions.c"
'Finished building: ../src/IMU_Functions.c'
' '
'Building target: ExempleIMU.elf'
'Invoking: ARM v7 gcc linker'
arm-none-eabi-gcc -mcpu=cortex-a9 -mfpu=vfpv3 -mfloat-abi=hard -Wl,-build-id=none -specs=Xilinx.spec -Wl,-T -Wl,../src/lscript.ld -L../../ExempleIMU_bsp/ps7_cortexa9_0/lib -o "ExempleIMU.elf"  ./src/IMU_Functions.o ./src/main.o   -Wl,--start-group,-lxil,-lgcc,-lc,--end-group
'Finished building target: ExempleIMU.elf'
' '
'Invoking: ARM v7 Print Size'
arm-none-eabi-size ExempleIMU.elf  |tee "ExempleIMU.elf.size"
   text	   data	    bss	    dec	    hex	filename
  99996	   2592	  23472	 126060	  1ec6c	ExempleIMU.elf
'Finished building: ExempleIMU.elf.size'
' '
14:16:06 **** Incremental Build of configuration Debug for project ExempleIMU ****
make pre-build main-build 
a9-linaro-pre-build-step
' '
make: Rien à faire pour « main-build ».
14:16:42 **** Incremental Build of configuration Debug for project ExempleIMU ****
make pre-build main-build 
a9-linaro-pre-build-step
' '
make: Rien à faire pour « main-build ».
14:17:18 **** Auto Build of configuration Debug for project ExempleIMU ****
make pre-build main-build 
a9-linaro-pre-build-step
' '
'Building file: ../src/main.c'
'Invoking: ARM v7 gcc compiler'
arm-none-eabi-gcc -Wall -O0 -g3 -c -fmessage-length=0 -MT"src/main.o" -mcpu=cortex-a9 -mfpu=vfpv3 -mfloat-abi=hard -I../../ExempleIMU_bsp/ps7_cortexa9_0/include -MMD -MP -MF"src/main.d" -MT"src/main.o" -o "src/main.o" "../src/main.c"
'Finished building: ../src/main.c'
' '
'Building target: ExempleIMU.elf'
'Invoking: ARM v7 gcc linker'
arm-none-eabi-gcc -mcpu=cortex-a9 -mfpu=vfpv3 -mfloat-abi=hard -Wl,-build-id=none -specs=Xilinx.spec -Wl,-T -Wl,../src/lscript.ld -L../../ExempleIMU_bsp/ps7_cortexa9_0/lib -o "ExempleIMU.elf"  ./src/IMU_Functions.o ./src/main.o   -Wl,--start-group,-lxil,-lgcc,-lc,--end-group
'Finished building target: ExempleIMU.elf'
' '
'Invoking: ARM v7 Print Size'
arm-none-eabi-size ExempleIMU.elf  |tee "ExempleIMU.elf.size"
   text	   data	    bss	    dec	    hex	filename
  99996	   2592	  23472	 126060	  1ec6c	ExempleIMU.elf
'Finished building: ExempleIMU.elf.size'
' '
14:17:25 **** Incremental Build of configuration Debug for project ExempleIMU ****
make pre-build main-build 
a9-linaro-pre-build-step
' '
make: Rien à faire pour « main-build ».
14:20:53 **** Auto Build of configuration Debug for project ExempleIMU ****
make pre-build main-build 
a9-linaro-pre-build-step
' '
'Building file: ../src/IMU_Functions.c'
'Invoking: ARM v7 gcc compiler'
arm-none-eabi-gcc -Wall -O0 -g3 -c -fmessage-length=0 -MT"src/IMU_Functions.o" -mcpu=cortex-a9 -mfpu=vfpv3 -mfloat-abi=hard -I../../ExempleIMU_bsp/ps7_cortexa9_0/include -MMD -MP -MF"src/IMU_Functions.d" -MT"src/IMU_Functions.o" -o "src/IMU_Functions.o" "../src/IMU_Functions.c"
../src/IMU_Functions.c: In function 'Accel_raw_to_g_float':
../src/IMU_Functions.c:103:4: warning: implicit declaration of function 'printg'; did you mean 'print'? [-Wimplicit-function-declaration]
    printg("\n\n\nDROIIIIITEEEEEEEEEEE\n\n\n")
    ^~~~~~
    print
../src/IMU_Functions.c:104:3: error: expected ';' before '}' token
   }
   ^
../src/IMU_Functions.c:107:5: error: expected ';' before '}' token
     }
     ^
make: *** [src/IMU_Functions.o] Erreur 1
14:21:04 **** Auto Build of configuration Debug for project ExempleIMU ****
make pre-build main-build 
a9-linaro-pre-build-step
' '
'Building file: ../src/IMU_Functions.c'
'Invoking: ARM v7 gcc compiler'
arm-none-eabi-gcc -Wall -O0 -g3 -c -fmessage-length=0 -MT"src/IMU_Functions.o" -mcpu=cortex-a9 -mfpu=vfpv3 -mfloat-abi=hard -I../../ExempleIMU_bsp/ps7_cortexa9_0/include -MMD -MP -MF"src/IMU_Functions.d" -MT"src/IMU_Functions.o" -o "src/IMU_Functions.o" "../src/IMU_Functions.c"
../src/IMU_Functions.c: In function 'Accel_raw_to_g_float':
../src/IMU_Functions.c:104:3: error: expected ';' before '}' token
   }
   ^
../src/IMU_Functions.c:107:5: error: expected ';' before '}' token
     }
     ^
make: *** [src/IMU_Functions.o] Erreur 1
14:21:16 **** Auto Build of configuration Debug for project ExempleIMU ****
make pre-build main-build 
a9-linaro-pre-build-step
' '
'Building file: ../src/IMU_Functions.c'
'Invoking: ARM v7 gcc compiler'
arm-none-eabi-gcc -Wall -O0 -g3 -c -fmessage-length=0 -MT"src/IMU_Functions.o" -mcpu=cortex-a9 -mfpu=vfpv3 -mfloat-abi=hard -I../../ExempleIMU_bsp/ps7_cortexa9_0/include -MMD -MP -MF"src/IMU_Functions.d" -MT"src/IMU_Functions.o" -o "src/IMU_Functions.o" "../src/IMU_Functions.c"
'Finished building: ../src/IMU_Functions.c'
' '
'Building target: ExempleIMU.elf'
'Invoking: ARM v7 gcc linker'
arm-none-eabi-gcc -mcpu=cortex-a9 -mfpu=vfpv3 -mfloat-abi=hard -Wl,-build-id=none -specs=Xilinx.spec -Wl,-T -Wl,../src/lscript.ld -L../../ExempleIMU_bsp/ps7_cortexa9_0/lib -o "ExempleIMU.elf"  ./src/IMU_Functions.o ./src/main.o   -Wl,--start-group,-lxil,-lgcc,-lc,--end-group
'Finished building target: ExempleIMU.elf'
' '
'Invoking: ARM v7 Print Size'
arm-none-eabi-size ExempleIMU.elf  |tee "ExempleIMU.elf.size"
   text	   data	    bss	    dec	    hex	filename
 100044	   2592	  23472	 126108	  1ec9c	ExempleIMU.elf
'Finished building: ExempleIMU.elf.size'
' '
14:21:34 **** Auto Build of configuration Debug for project ExempleIMU ****
make pre-build main-build 
a9-linaro-pre-build-step
' '
'Building file: ../src/main.c'
'Invoking: ARM v7 gcc compiler'
arm-none-eabi-gcc -Wall -O0 -g3 -c -fmessage-length=0 -MT"src/main.o" -mcpu=cortex-a9 -mfpu=vfpv3 -mfloat-abi=hard -I../../ExempleIMU_bsp/ps7_cortexa9_0/include -MMD -MP -MF"src/main.d" -MT"src/main.o" -o "src/main.o" "../src/main.c"
'Finished building: ../src/main.c'
' '
'Building target: ExempleIMU.elf'
'Invoking: ARM v7 gcc linker'
arm-none-eabi-gcc -mcpu=cortex-a9 -mfpu=vfpv3 -mfloat-abi=hard -Wl,-build-id=none -specs=Xilinx.spec -Wl,-T -Wl,../src/lscript.ld -L../../ExempleIMU_bsp/ps7_cortexa9_0/lib -o "ExempleIMU.elf"  ./src/IMU_Functions.o ./src/main.o   -Wl,--start-group,-lxil,-lgcc,-lc,--end-group
'Finished building target: ExempleIMU.elf'
' '
'Invoking: ARM v7 Print Size'
arm-none-eabi-size ExempleIMU.elf  |tee "ExempleIMU.elf.size"
   text	   data	    bss	    dec	    hex	filename
 100052	   2592	  23472	 126116	  1eca4	ExempleIMU.elf
'Finished building: ExempleIMU.elf.size'
' '
14:21:42 **** Incremental Build of configuration Debug for project ExempleIMU ****
make pre-build main-build 
a9-linaro-pre-build-step
' '
make: Rien à faire pour « main-build ».
14:22:28 **** Incremental Build of configuration Debug for project ExempleIMU ****
make pre-build main-build 
a9-linaro-pre-build-step
' '
make: Rien à faire pour « main-build ».
14:26:40 **** Incremental Build of configuration Debug for project ExempleIMU ****
make pre-build main-build 
a9-linaro-pre-build-step
' '
make: Rien à faire pour « main-build ».
15:02:10 **** Auto Build of configuration Debug for project ExempleIMU ****
make pre-build main-build 
a9-linaro-pre-build-step
' '
'Building file: ../src/IMU_Functions.c'
'Invoking: ARM v7 gcc compiler'
arm-none-eabi-gcc -Wall -O0 -g3 -c -fmessage-length=0 -MT"src/IMU_Functions.o" -mcpu=cortex-a9 -mfpu=vfpv3 -mfloat-abi=hard -I../../ExempleIMU_bsp/ps7_cortexa9_0/include -MMD -MP -MF"src/IMU_Functions.d" -MT"src/IMU_Functions.o" -o "src/IMU_Functions.o" "../src/IMU_Functions.c"
'Finished building: ../src/IMU_Functions.c'
' '
'Building target: ExempleIMU.elf'
'Invoking: ARM v7 gcc linker'
arm-none-eabi-gcc -mcpu=cortex-a9 -mfpu=vfpv3 -mfloat-abi=hard -Wl,-build-id=none -specs=Xilinx.spec -Wl,-T -Wl,../src/lscript.ld -L../../ExempleIMU_bsp/ps7_cortexa9_0/lib -o "ExempleIMU.elf"  ./src/IMU_Functions.o ./src/main.o   -Wl,--start-group,-lxil,-lgcc,-lc,--end-group
'Finished building target: ExempleIMU.elf'
' '
'Invoking: ARM v7 Print Size'
arm-none-eabi-size ExempleIMU.elf  |tee "ExempleIMU.elf.size"
   text	   data	    bss	    dec	    hex	filename
  99820	   2592	  23472	 125884	  1ebbc	ExempleIMU.elf
'Finished building: ExempleIMU.elf.size'
' '
15:02:17 **** Incremental Build of configuration Debug for project ExempleIMU ****
make pre-build main-build 
a9-linaro-pre-build-step
' '
make: Rien à faire pour « main-build ».
15:03:23 **** Incremental Build of configuration Debug for project ExempleIMU ****
make pre-build main-build 
a9-linaro-pre-build-step
' '
make: Rien à faire pour « main-build ».
15:04:25 **** Incremental Build of configuration Debug for project ExempleIMU ****
make pre-build main-build 
a9-linaro-pre-build-step
' '
make: Rien à faire pour « main-build ».
15:05:33 **** Incremental Build of configuration Debug for project ExempleIMU ****
make pre-build main-build 
a9-linaro-pre-build-step
' '
make: Rien à faire pour « main-build ».
15:06:36 **** Incremental Build of configuration Debug for project ExempleIMU ****
make pre-build main-build 
a9-linaro-pre-build-step
' '
make: Rien à faire pour « main-build ».
15:08:09 **** Incremental Build of configuration Debug for project ExempleIMU ****
make pre-build main-build 
a9-linaro-pre-build-step
' '
make: Rien à faire pour « main-build ».
15:14:30 **** Incremental Build of configuration Debug for project ExempleIMU ****
make pre-build main-build 
a9-linaro-pre-build-step
' '
make: Rien à faire pour « main-build ».
11:06:30 **** Build of project imu_c_bsp ****
make -k all 
"Running Make include in ps7_cortexa9_0/libsrc/coresightps_dcc_v1_4/src"
make -C ps7_cortexa9_0/libsrc/coresightps_dcc_v1_4/src -s include  "SHELL=CMD" "COMPILER=arm-none-eabi-gcc" "ARCHIVER=arm-none-eabi-ar" "COMPILER_FLAGS=  -O2 -c" "EXTRA_COMPILER_FLAGS=-mcpu=cortex-a9 -mfpu=vfpv3 -mfloat-abi=hard -nostartfiles -g -Wall -Wextra"
"Running Make include in ps7_cortexa9_0/libsrc/cpu_cortexa9_v2_6/src"
make -C ps7_cortexa9_0/libsrc/cpu_cortexa9_v2_6/src -s include  "SHELL=CMD" "COMPILER=arm-none-eabi-gcc" "ARCHIVER=arm-none-eabi-ar" "COMPILER_FLAGS=  -O2 -c" "EXTRA_COMPILER_FLAGS=-mcpu=cortex-a9 -mfpu=vfpv3 -mfloat-abi=hard -nostartfiles -g -Wall -Wextra"
"Running Make include in ps7_cortexa9_0/libsrc/ddrps_v1_0/src"
make -C ps7_cortexa9_0/libsrc/ddrps_v1_0/src -s include  "SHELL=CMD" "COMPILER=arm-none-eabi-gcc" "ARCHIVER=arm-none-eabi-ar" "COMPILER_FLAGS=  -O2 -c" "EXTRA_COMPILER_FLAGS=-mcpu=cortex-a9 -mfpu=vfpv3 -mfloat-abi=hard -nostartfiles -g -Wall -Wextra"
"Running Make include in ps7_cortexa9_0/libsrc/devcfg_v3_5/src"
make -C ps7_cortexa9_0/libsrc/devcfg_v3_5/src -s include  "SHELL=CMD" "COMPILER=arm-none-eabi-gcc" "ARCHIVER=arm-none-eabi-ar" "COMPILER_FLAGS=  -O2 -c" "EXTRA_COMPILER_FLAGS=-mcpu=cortex-a9 -mfpu=vfpv3 -mfloat-abi=hard -nostartfiles -g -Wall -Wextra"
"Running Make include in ps7_cortexa9_0/libsrc/dmaps_v2_3/src"
make -C ps7_cortexa9_0/libsrc/dmaps_v2_3/src -s include  "SHELL=CMD" "COMPILER=arm-none-eabi-gcc" "ARCHIVER=arm-none-eabi-ar" "COMPILER_FLAGS=  -O2 -c" "EXTRA_COMPILER_FLAGS=-mcpu=cortex-a9 -mfpu=vfpv3 -mfloat-abi=hard -nostartfiles -g -Wall -Wextra"
"Running Make include in ps7_cortexa9_0/libsrc/emacps_v3_7/src"
make -C ps7_cortexa9_0/libsrc/emacps_v3_7/src -s include  "SHELL=CMD" "COMPILER=arm-none-eabi-gcc" "ARCHIVER=arm-none-eabi-ar" "COMPILER_FLAGS=  -O2 -c" "EXTRA_COMPILER_FLAGS=-mcpu=cortex-a9 -mfpu=vfpv3 -mfloat-abi=hard -nostartfiles -g -Wall -Wextra"
"Running Make include in ps7_cortexa9_0/libsrc/gpiops_v3_3/src"
make -C ps7_cortexa9_0/libsrc/gpiops_v3_3/src -s include  "SHELL=CMD" "COMPILER=arm-none-eabi-gcc" "ARCHIVER=arm-none-eabi-ar" "COMPILER_FLAGS=  -O2 -c" "EXTRA_COMPILER_FLAGS=-mcpu=cortex-a9 -mfpu=vfpv3 -mfloat-abi=hard -nostartfiles -g -Wall -Wextra"
"Running Make include in ps7_cortexa9_0/libsrc/iicps_v3_7/src"
make -C ps7_cortexa9_0/libsrc/iicps_v3_7/src -s include  "SHELL=CMD" "COMPILER=arm-none-eabi-gcc" "ARCHIVER=arm-none-eabi-ar" "COMPILER_FLAGS=  -O2 -c" "EXTRA_COMPILER_FLAGS=-mcpu=cortex-a9 -mfpu=vfpv3 -mfloat-abi=hard -nostartfiles -g -Wall -Wextra"
"Running Make include in ps7_cortexa9_0/libsrc/qspips_v3_4/src"
make -C ps7_cortexa9_0/libsrc/qspips_v3_4/src -s include  "SHELL=CMD" "COMPILER=arm-none-eabi-gcc" "ARCHIVER=arm-none-eabi-ar" "COMPILER_FLAGS=  -O2 -c" "EXTRA_COMPILER_FLAGS=-mcpu=cortex-a9 -mfpu=vfpv3 -mfloat-abi=hard -nostartfiles -g -Wall -Wextra"
"Running Make include in ps7_cortexa9_0/libsrc/scugic_v3_9/src"
make -C ps7_cortexa9_0/libsrc/scugic_v3_9/src -s include  "SHELL=CMD" "COMPILER=arm-none-eabi-gcc" "ARCHIVER=arm-none-eabi-ar" "COMPILER_FLAGS=  -O2 -c" "EXTRA_COMPILER_FLAGS=-mcpu=cortex-a9 -mfpu=vfpv3 -mfloat-abi=hard -nostartfiles -g -Wall -Wextra"
"Running Make include in ps7_cortexa9_0/libsrc/scutimer_v2_1/src"
make -C ps7_cortexa9_0/libsrc/scutimer_v2_1/src -s include  "SHELL=CMD" "COMPILER=arm-none-eabi-gcc" "ARCHIVER=arm-none-eabi-ar" "COMPILER_FLAGS=  -O2 -c" "EXTRA_COMPILER_FLAGS=-mcpu=cortex-a9 -mfpu=vfpv3 -mfloat-abi=hard -nostartfiles -g -Wall -Wextra"
"Running Make include in ps7_cortexa9_0/libsrc/scuwdt_v2_1/src"
make -C ps7_cortexa9_0/libsrc/scuwdt_v2_1/src -s include  "SHELL=CMD" "COMPILER=arm-none-eabi-gcc" "ARCHIVER=arm-none-eabi-ar" "COMPILER_FLAGS=  -O2 -c" "EXTRA_COMPILER_FLAGS=-mcpu=cortex-a9 -mfpu=vfpv3 -mfloat-abi=hard -nostartfiles -g -Wall -Wextra"
"Running Make include in ps7_cortexa9_0/libsrc/sdps_v3_5/src"
make -C ps7_cortexa9_0/libsrc/sdps_v3_5/src -s include  "SHELL=CMD" "COMPILER=arm-none-eabi-gcc" "ARCHIVER=arm-none-eabi-ar" "COMPILER_FLAGS=  -O2 -c" "EXTRA_COMPILER_FLAGS=-mcpu=cortex-a9 -mfpu=vfpv3 -mfloat-abi=hard -nostartfiles -g -Wall -Wextra"
"Running Make include in ps7_cortexa9_0/libsrc/standalone_v6_7/src"
make -C ps7_cortexa9_0/libsrc/standalone_v6_7/src -s include  "SHELL=CMD" "COMPILER=arm-none-eabi-gcc" "ARCHIVER=arm-none-eabi-ar" "COMPILER_FLAGS=  -O2 -c" "EXTRA_COMPILER_FLAGS=-mcpu=cortex-a9 -mfpu=vfpv3 -mfloat-abi=hard -nostartfiles -g -Wall -Wextra"
"Running Make include in ps7_cortexa9_0/libsrc/uartps_v3_6/src"
make -C ps7_cortexa9_0/libsrc/uartps_v3_6/src -s include  "SHELL=CMD" "COMPILER=arm-none-eabi-gcc" "ARCHIVER=arm-none-eabi-ar" "COMPILER_FLAGS=  -O2 -c" "EXTRA_COMPILER_FLAGS=-mcpu=cortex-a9 -mfpu=vfpv3 -mfloat-abi=hard -nostartfiles -g -Wall -Wextra"
"Running Make include in ps7_cortexa9_0/libsrc/usbps_v2_4/src"
make -C ps7_cortexa9_0/libsrc/usbps_v2_4/src -s include  "SHELL=CMD" "COMPILER=arm-none-eabi-gcc" "ARCHIVER=arm-none-eabi-ar" "COMPILER_FLAGS=  -O2 -c" "EXTRA_COMPILER_FLAGS=-mcpu=cortex-a9 -mfpu=vfpv3 -mfloat-abi=hard -nostartfiles -g -Wall -Wextra"
"Running Make include in ps7_cortexa9_0/libsrc/xadcps_v2_2/src"
make -C ps7_cortexa9_0/libsrc/xadcps_v2_2/src -s include  "SHELL=CMD" "COMPILER=arm-none-eabi-gcc" "ARCHIVER=arm-none-eabi-ar" "COMPILER_FLAGS=  -O2 -c" "EXTRA_COMPILER_FLAGS=-mcpu=cortex-a9 -mfpu=vfpv3 -mfloat-abi=hard -nostartfiles -g -Wall -Wextra"
"Running Make libs in ps7_cortexa9_0/libsrc/coresightps_dcc_v1_4/src"
make -C ps7_cortexa9_0/libsrc/coresightps_dcc_v1_4/src -s libs  "SHELL=CMD" "COMPILER=arm-none-eabi-gcc" "ARCHIVER=arm-none-eabi-ar" "COMPILER_FLAGS=  -O2 -c" "EXTRA_COMPILER_FLAGS=-mcpu=cortex-a9 -mfpu=vfpv3 -mfloat-abi=hard -nostartfiles -g -Wall -Wextra"
"Compiling coresightps_dcc"
arm-none-eabi-ar: creating ../../../lib/libxil.a
"Running Make libs in ps7_cortexa9_0/libsrc/cpu_cortexa9_v2_6/src"
make -C ps7_cortexa9_0/libsrc/cpu_cortexa9_v2_6/src -s libs  "SHELL=CMD" "COMPILER=arm-none-eabi-gcc" "ARCHIVER=arm-none-eabi-ar" "COMPILER_FLAGS=  -O2 -c" "EXTRA_COMPILER_FLAGS=-mcpu=cortex-a9 -mfpu=vfpv3 -mfloat-abi=hard -nostartfiles -g -Wall -Wextra"
"Compiling cpu_cortexa9"
"Running Make libs in ps7_cortexa9_0/libsrc/ddrps_v1_0/src"
make -C ps7_cortexa9_0/libsrc/ddrps_v1_0/src -s libs  "SHELL=CMD" "COMPILER=arm-none-eabi-gcc" "ARCHIVER=arm-none-eabi-ar" "COMPILER_FLAGS=  -O2 -c" "EXTRA_COMPILER_FLAGS=-mcpu=cortex-a9 -mfpu=vfpv3 -mfloat-abi=hard -nostartfiles -g -Wall -Wextra"
"Compiling ddrps"
"Running Make libs in ps7_cortexa9_0/libsrc/devcfg_v3_5/src"
make -C ps7_cortexa9_0/libsrc/devcfg_v3_5/src -s libs  "SHELL=CMD" "COMPILER=arm-none-eabi-gcc" "ARCHIVER=arm-none-eabi-ar" "COMPILER_FLAGS=  -O2 -c" "EXTRA_COMPILER_FLAGS=-mcpu=cortex-a9 -mfpu=vfpv3 -mfloat-abi=hard -nostartfiles -g -Wall -Wextra"
"Compiling devcfg"
"Running Make libs in ps7_cortexa9_0/libsrc/dmaps_v2_3/src"
make -C ps7_cortexa9_0/libsrc/dmaps_v2_3/src -s libs  "SHELL=CMD" "COMPILER=arm-none-eabi-gcc" "ARCHIVER=arm-none-eabi-ar" "COMPILER_FLAGS=  -O2 -c" "EXTRA_COMPILER_FLAGS=-mcpu=cortex-a9 -mfpu=vfpv3 -mfloat-abi=hard -nostartfiles -g -Wall -Wextra"
"Compiling dmaps"
"Running Make libs in ps7_cortexa9_0/libsrc/emacps_v3_7/src"
make -C ps7_cortexa9_0/libsrc/emacps_v3_7/src -s libs  "SHELL=CMD" "COMPILER=arm-none-eabi-gcc" "ARCHIVER=arm-none-eabi-ar" "COMPILER_FLAGS=  -O2 -c" "EXTRA_COMPILER_FLAGS=-mcpu=cortex-a9 -mfpu=vfpv3 -mfloat-abi=hard -nostartfiles -g -Wall -Wextra"
"Compiling emacps"
"Running Make libs in ps7_cortexa9_0/libsrc/gpiops_v3_3/src"
make -C ps7_cortexa9_0/libsrc/gpiops_v3_3/src -s libs  "SHELL=CMD" "COMPILER=arm-none-eabi-gcc" "ARCHIVER=arm-none-eabi-ar" "COMPILER_FLAGS=  -O2 -c" "EXTRA_COMPILER_FLAGS=-mcpu=cortex-a9 -mfpu=vfpv3 -mfloat-abi=hard -nostartfiles -g -Wall -Wextra"
"Compiling gpiops"
"Running Make libs in ps7_cortexa9_0/libsrc/iicps_v3_7/src"
make -C ps7_cortexa9_0/libsrc/iicps_v3_7/src -s libs  "SHELL=CMD" "COMPILER=arm-none-eabi-gcc" "ARCHIVER=arm-none-eabi-ar" "COMPILER_FLAGS=  -O2 -c" "EXTRA_COMPILER_FLAGS=-mcpu=cortex-a9 -mfpu=vfpv3 -mfloat-abi=hard -nostartfiles -g -Wall -Wextra"
"Compiling iicps"
"Running Make libs in ps7_cortexa9_0/libsrc/qspips_v3_4/src"
make -C ps7_cortexa9_0/libsrc/qspips_v3_4/src -s libs  "SHELL=CMD" "COMPILER=arm-none-eabi-gcc" "ARCHIVER=arm-none-eabi-ar" "COMPILER_FLAGS=  -O2 -c" "EXTRA_COMPILER_FLAGS=-mcpu=cortex-a9 -mfpu=vfpv3 -mfloat-abi=hard -nostartfiles -g -Wall -Wextra"
"Compiling qspips"
"Running Make libs in ps7_cortexa9_0/libsrc/scugic_v3_9/src"
make -C ps7_cortexa9_0/libsrc/scugic_v3_9/src -s libs  "SHELL=CMD" "COMPILER=arm-none-eabi-gcc" "ARCHIVER=arm-none-eabi-ar" "COMPILER_FLAGS=  -O2 -c" "EXTRA_COMPILER_FLAGS=-mcpu=cortex-a9 -mfpu=vfpv3 -mfloat-abi=hard -nostartfiles -g -Wall -Wextra"
"Compiling scugic"
"Running Make libs in ps7_cortexa9_0/libsrc/scutimer_v2_1/src"
make -C ps7_cortexa9_0/libsrc/scutimer_v2_1/src -s libs  "SHELL=CMD" "COMPILER=arm-none-eabi-gcc" "ARCHIVER=arm-none-eabi-ar" "COMPILER_FLAGS=  -O2 -c" "EXTRA_COMPILER_FLAGS=-mcpu=cortex-a9 -mfpu=vfpv3 -mfloat-abi=hard -nostartfiles -g -Wall -Wextra"
"Compiling scutimer"
"Running Make libs in ps7_cortexa9_0/libsrc/scuwdt_v2_1/src"
make -C ps7_cortexa9_0/libsrc/scuwdt_v2_1/src -s libs  "SHELL=CMD" "COMPILER=arm-none-eabi-gcc" "ARCHIVER=arm-none-eabi-ar" "COMPILER_FLAGS=  -O2 -c" "EXTRA_COMPILER_FLAGS=-mcpu=cortex-a9 -mfpu=vfpv3 -mfloat-abi=hard -nostartfiles -g -Wall -Wextra"
"Compiling scuwdt"
"Running Make libs in ps7_cortexa9_0/libsrc/sdps_v3_5/src"
make -C ps7_cortexa9_0/libsrc/sdps_v3_5/src -s libs  "SHELL=CMD" "COMPILER=arm-none-eabi-gcc" "ARCHIVER=arm-none-eabi-ar" "COMPILER_FLAGS=  -O2 -c" "EXTRA_COMPILER_FLAGS=-mcpu=cortex-a9 -mfpu=vfpv3 -mfloat-abi=hard -nostartfiles -g -Wall -Wextra"
"Compiling sdps"
"Running Make libs in ps7_cortexa9_0/libsrc/standalone_v6_7/src"
make -C ps7_cortexa9_0/libsrc/standalone_v6_7/src -s libs  "SHELL=CMD" "COMPILER=arm-none-eabi-gcc" "ARCHIVER=arm-none-eabi-ar" "COMPILER_FLAGS=  -O2 -c" "EXTRA_COMPILER_FLAGS=-mcpu=cortex-a9 -mfpu=vfpv3 -mfloat-abi=hard -nostartfiles -g -Wall -Wextra"
"Compiling standalone"
In file included from sleep.c:57:0:
xtime_l.h:89:9: note: #pragma message: For the sleep routines, Global timer is being used
 #pragma message ("For the sleep routines, Global timer is being used")
         ^~~~~~~
In file included from usleep.c:60:0:
xtime_l.h:89:9: note: #pragma message: For the sleep routines, Global timer is being used
 #pragma message ("For the sleep routines, Global timer is being used")
         ^~~~~~~
In file included from xil_sleeptimer.c:55:0:
xtime_l.h:89:9: note: #pragma message: For the sleep routines, Global timer is being used
 #pragma message ("For the sleep routines, Global timer is being used")
         ^~~~~~~
In file included from xtime_l.c:53:0:
xtime_l.h:89:9: note: #pragma message: For the sleep routines, Global timer is being used
 #pragma message ("For the sleep routines, Global timer is being used")
         ^~~~~~~
"Running Make libs in ps7_cortexa9_0/libsrc/uartps_v3_6/src"
make -C ps7_cortexa9_0/libsrc/uartps_v3_6/src -s libs  "SHELL=CMD" "COMPILER=arm-none-eabi-gcc" "ARCHIVER=arm-none-eabi-ar" "COMPILER_FLAGS=  -O2 -c" "EXTRA_COMPILER_FLAGS=-mcpu=cortex-a9 -mfpu=vfpv3 -mfloat-abi=hard -nostartfiles -g -Wall -Wextra"
"Compiling uartps"
"Running Make libs in ps7_cortexa9_0/libsrc/usbps_v2_4/src"
make -C ps7_cortexa9_0/libsrc/usbps_v2_4/src -s libs  "SHELL=CMD" "COMPILER=arm-none-eabi-gcc" "ARCHIVER=arm-none-eabi-ar" "COMPILER_FLAGS=  -O2 -c" "EXTRA_COMPILER_FLAGS=-mcpu=cortex-a9 -mfpu=vfpv3 -mfloat-abi=hard -nostartfiles -g -Wall -Wextra"
"Compiling usbps"
"Running Make libs in ps7_cortexa9_0/libsrc/xadcps_v2_2/src"
make -C ps7_cortexa9_0/libsrc/xadcps_v2_2/src -s libs  "SHELL=CMD" "COMPILER=arm-none-eabi-gcc" "ARCHIVER=arm-none-eabi-ar" "COMPILER_FLAGS=  -O2 -c" "EXTRA_COMPILER_FLAGS=-mcpu=cortex-a9 -mfpu=vfpv3 -mfloat-abi=hard -nostartfiles -g -Wall -Wextra"
"Compiling xadcps"
'Finished building libraries'

**** Build of configuration Debug for project imu_c ****

Nothing to build for project imu_c
11:08:24 **** Auto Build of configuration Debug for project imu_c ****
make pre-build main-build 
a9-linaro-pre-build-step
' '
'Building file: ../src/IMU_Functions.c'
'Invoking: ARM v7 gcc compiler'
arm-none-eabi-gcc -Wall -O0 -g3 -c -fmessage-length=0 -MT"src/IMU_Functions.o" -mcpu=cortex-a9 -mfpu=vfpv3 -mfloat-abi=hard -I../../imu_c_bsp/ps7_cortexa9_0/include -MMD -MP -MF"src/IMU_Functions.d" -MT"src/IMU_Functions.o" -o "src/IMU_Functions.o" "../src/IMU_Functions.c"
'Finished building: ../src/IMU_Functions.c'
' '
'Building file: ../src/main.c'
'Invoking: ARM v7 gcc compiler'
arm-none-eabi-gcc -Wall -O0 -g3 -c -fmessage-length=0 -MT"src/main.o" -mcpu=cortex-a9 -mfpu=vfpv3 -mfloat-abi=hard -I../../imu_c_bsp/ps7_cortexa9_0/include -MMD -MP -MF"src/main.d" -MT"src/main.o" -o "src/main.o" "../src/main.c"
'Finished building: ../src/main.c'
' '
'Building target: imu_c.elf'
'Invoking: ARM v7 gcc linker'
arm-none-eabi-gcc -mcpu=cortex-a9 -mfpu=vfpv3 -mfloat-abi=hard -Wl,-build-id=none -specs=Xilinx.spec -Wl,-T -Wl,../src/lscript.ld -L../../imu_c_bsp/ps7_cortexa9_0/lib -o "imu_c.elf"  ./src/IMU_Functions.o ./src/main.o   -Wl,--start-group,-lxil,-lgcc,-lc,--end-group
'Finished building target: imu_c.elf'
' '
'Invoking: ARM v7 Print Size'
arm-none-eabi-size imu_c.elf  |tee "imu_c.elf.size"
   text	   data	    bss	    dec	    hex	filename
  99820	   2592	  23472	 125884	  1ebbc	imu_c.elf
'Finished building: imu_c.elf.size'
' '
11:08:28 **** Auto Build of configuration Debug for project imu_c ****
make pre-build main-build 
a9-linaro-pre-build-step
' '
make: Rien à faire pour « main-build ».
11:12:47 **** Auto Build of configuration Debug for project imu_c ****
make pre-build main-build 
a9-linaro-pre-build-step
' '
make: Rien à faire pour « main-build ».
11:15:35 **** Auto Build of configuration Debug for project imu_c ****
make pre-build main-build 
a9-linaro-pre-build-step
' '
'Building file: ../src/main.c'
'Invoking: ARM v7 gcc compiler'
arm-none-eabi-gcc -Wall -O0 -g3 -c -fmessage-length=0 -MT"src/main.o" -mcpu=cortex-a9 -mfpu=vfpv3 -mfloat-abi=hard -I../../imu_c_bsp/ps7_cortexa9_0/include -MMD -MP -MF"src/main.d" -MT"src/main.o" -o "src/main.o" "../src/main.c"
'Finished building: ../src/main.c'
' '
'Building target: imu_c.elf'
'Invoking: ARM v7 gcc linker'
arm-none-eabi-gcc -mcpu=cortex-a9 -mfpu=vfpv3 -mfloat-abi=hard -Wl,-build-id=none -specs=Xilinx.spec -Wl,-T -Wl,../src/lscript.ld -L../../imu_c_bsp/ps7_cortexa9_0/lib -o "imu_c.elf"  ./src/IMU_Functions.o ./src/main.o   -Wl,--start-group,-lxil,-lgcc,-lc,--end-group
'Finished building target: imu_c.elf'
' '
'Invoking: ARM v7 Print Size'
arm-none-eabi-size imu_c.elf  |tee "imu_c.elf.size"
   text	   data	    bss	    dec	    hex	filename
  99828	   2592	  23472	 125892	  1ebc4	imu_c.elf
'Finished building: imu_c.elf.size'
' '
