#-----------------------------------------------------------
# Vivado v2018.2 (64-bit)
# SW Build 2258646 on Thu Jun 14 20:03:12 MDT 2018
# IP Build 2256618 on Thu Jun 14 22:10:49 MDT 2018
# Start of session at: Thu Apr  4 20:15:29 2019
# Process ID: 22284
# Current directory: D:/DEV/Git_Kraken/Velociraptor/Projet-S4/Velociraptor_Project/lectureADC
# Command line: vivado.exe -gui_launcher_event rodinguilauncherevent14264 D:\DEV\Git_Kraken\Velociraptor\Projet-S4\Velociraptor_Project\lectureADC\lectureADC.xpr
# Log file: D:/DEV/Git_Kraken/Velociraptor/Projet-S4/Velociraptor_Project/lectureADC/vivado.log
# Journal file: D:/DEV/Git_Kraken/Velociraptor/Projet-S4/Velociraptor_Project/lectureADC\vivado.jou
#-----------------------------------------------------------
start_gui
open_project D:/DEV/Git_Kraken/Velociraptor/Projet-S4/Velociraptor_Project/lectureADC/lectureADC.xpr
update_compile_order -fileset sources_1
file copy -force D:/DEV/Git_Kraken/Velociraptor/Projet-S4/Velociraptor_Project/lectureADC/lectureADC.runs/impl_1/Top.sysdef D:/DEV/Git_Kraken/Velociraptor/Projet-S4/Velociraptor_Project/lectureADC/lectureADC.sdk/Top.hdf

launch_sdk -workspace D:/DEV/Git_Kraken/Velociraptor/Projet-S4/Velociraptor_Project/lectureADC/lectureADC.sdk -hwspec D:/DEV/Git_Kraken/Velociraptor/Projet-S4/Velociraptor_Project/lectureADC/lectureADC.sdk/Top.hdf
open_bd_design {D:/DEV/Git_Kraken/Velociraptor/Projet-S4/Velociraptor_Project/lectureADC/lectureADC.srcs/sources_1/bd/design_1/design_1.bd}
startgroup
create_bd_cell -type ip -vlnv xilinx.com:user:myIO_IP:1.0 myIO_IP_5
endgroup
startgroup
make_bd_pins_external  [get_bd_pins myIO_IP_5/o_data]
endgroup
startgroup
make_bd_pins_external  [get_bd_pins myIO_IP_5/i_data]
endgroup
delete_bd_objs [get_bd_nets myIO_IP_5_o_data] [get_bd_nets i_data_0_4] [get_bd_cells myIO_IP_5]
delete_bd_objs [get_bd_ports o_data_0]
delete_bd_objs [get_bd_ports i_data_0]
set_property location {1291 1508} [get_bd_ports o_data_poids]
