#-----------------------------------------------------------
# Vivado v2018.2 (64-bit)
# SW Build 2258646 on Thu Jun 14 20:03:12 MDT 2018
# IP Build 2256618 on Thu Jun 14 22:10:49 MDT 2018
# Start of session at: Tue Mar 19 09:01:43 2019
# Process ID: 12444
# Current directory: D:/Documents/GitHub/Projet-S4/FPGA_logic/S4_Velocyraptor
# Command line: vivado.exe -gui_launcher_event rodinguilauncherevent10532 D:\Documents\GitHub\Projet-S4\FPGA_logic\S4_Velocyraptor\FPGA-Logic.xpr
# Log file: D:/Documents/GitHub/Projet-S4/FPGA_logic/S4_Velocyraptor/vivado.log
# Journal file: D:/Documents/GitHub/Projet-S4/FPGA_logic/S4_Velocyraptor\vivado.jou
#-----------------------------------------------------------
start_gui
open_project D:/Documents/GitHub/Projet-S4/FPGA_logic/S4_Velocyraptor/FPGA-Logic.xpr
update_compile_order -fileset sources_1
launch_simulation
launch_simulation
launch_simulation
launch_simulation
launch_simulation
launch_simulation
launch_simulation
launch_simulation
launch_simulation
source FPGA_Logic.tcl
add_files -fileset constrs_1 -norecurse D:/Documents/School/UdeS-S4/App3/pb_APP_log_seq_gab/pb_APP_log_seq/pb_APP_log_seq.srcs/constrs_1/new/circuit_tr_signal.xdc
relaunch_sim
restart
run 100000 ns
