#-----------------------------------------------------------
# Vivado v2018.2 (64-bit)
# SW Build 2258646 on Thu Jun 14 20:03:12 MDT 2018
# IP Build 2256618 on Thu Jun 14 22:10:49 MDT 2018
# Start of session at: Mon Mar 18 13:28:11 2019
# Process ID: 14116
# Current directory: C:/Users/Kitty/Documents/GitHub/Projet-S4/FPGA_logic/S4_Velocyraptor
# Command line: vivado.exe -gui_launcher_event rodinguilauncherevent8536 C:\Users\Kitty\Documents\GitHub\Projet-S4\FPGA_logic\S4_Velocyraptor\FPGA-Logic.xpr
# Log file: C:/Users/Kitty/Documents/GitHub/Projet-S4/FPGA_logic/S4_Velocyraptor/vivado.log
# Journal file: C:/Users/Kitty/Documents/GitHub/Projet-S4/FPGA_logic/S4_Velocyraptor\vivado.jou
#-----------------------------------------------------------
start_gui
open_project C:/Users/Kitty/Documents/GitHub/Projet-S4/FPGA_logic/S4_Velocyraptor/FPGA-Logic.xpr
update_compile_order -fileset sources_1
close [ open C:/Users/Kitty/Documents/GitHub/Projet-S4/FPGA_logic/S4_Velocyraptor/FPGA-Logic.srcs/sources_1/new/magnetic.vhd w ]
add_files C:/Users/Kitty/Documents/GitHub/Projet-S4/FPGA_logic/S4_Velocyraptor/FPGA-Logic.srcs/sources_1/new/magnetic.vhd
close [ open C:/Users/Kitty/Documents/GitHub/Projet-S4/FPGA_logic/S4_Velocyraptor/FPGA-Logic.srcs/sources_1/new/memory_block.vhd w ]
add_files C:/Users/Kitty/Documents/GitHub/Projet-S4/FPGA_logic/S4_Velocyraptor/FPGA-Logic.srcs/sources_1/new/memory_block.vhd
close [ open C:/Users/Kitty/Documents/GitHub/Projet-S4/FPGA_logic/S4_Velocyraptor/FPGA-Logic.srcs/sources_1/new/Ergo_traitement.vhd w ]
add_files C:/Users/Kitty/Documents/GitHub/Projet-S4/FPGA_logic/S4_Velocyraptor/FPGA-Logic.srcs/sources_1/new/Ergo_traitement.vhd
update_compile_order -fileset sources_1
update_compile_order -fileset sources_1
# Disabling source management mode.  This is to allow the top design properties to be set without GUI intervention.
set_property source_mgmt_mode None [current_project]
set_property top compteur_signal [get_filesets sim_1]
set_property top_lib xil_defaultlib [get_filesets sim_1]
# Re-enabling previously disabled source management mode.
set_property source_mgmt_mode All [current_project]
launch_simulation
launch_simulation
launch_simulation
launch_simulation
launch_simulation
source compteur_signal.tcl
close_sim
