15:50:01 **** Incremental Build of configuration Debug for project Serveur ****
make pre-build main-build 
a9-linaro-pre-build-step
' '
make: Rien à faire pour « main-build ».
15:50:12 **** Incremental Build of configuration Debug for project Serveur ****
make pre-build main-build 
a9-linaro-pre-build-step
' '
make: Rien à faire pour « main-build ».
15:53:46 **** Auto Build of configuration Debug for project Serveur ****
make pre-build main-build 
a9-linaro-pre-build-step
' '
'Building file: ../src/http_server/web_utils.c'
'Invoking: ARM v7 gcc compiler'
arm-none-eabi-gcc -Wall -O0 -g3 -c -fmessage-length=0 -MT"src/http_server/web_utils.o" -mcpu=cortex-a9 -mfpu=vfpv3 -mfloat-abi=hard -I../../Serveur_bsp/ps7_cortexa9_0/include -MMD -MP -MF"src/http_server/web_utils.d" -MT"src/http_server/web_utils.o" -o "src/http_server/web_utils.o" "../src/http_server/web_utils.c"
'Finished building: ../src/http_server/web_utils.c'
' '
'Building target: Serveur.elf'
'Invoking: ARM v7 gcc linker'
arm-none-eabi-gcc -mcpu=cortex-a9 -mfpu=vfpv3 -mfloat-abi=hard -Wl,-build-id=none -specs=Xilinx.spec -Wl,-T -Wl,../src/lscript.ld -L../../Serveur_bsp/ps7_cortexa9_0/lib -o "Serveur.elf"  ./src/http_server/http_response.o ./src/http_server/platform_fs.o ./src/http_server/platform_gpio.o ./src/http_server/web_utils.o ./src/http_server/webserver.o  ./src/iic_phyreset.o ./src/main.o   -Wl,--start-group,-lxil,-lfreertos,-lgcc,-lc,--end-group -Wl,--start-group,-lxil,-llwip4,-lgcc,-lc,--end-group -Wl,--start-group,-lxilffs,-lxil,-lgcc,-lc,--end-group
'Finished building target: Serveur.elf'
' '
'Invoking: ARM v7 Print Size'
arm-none-eabi-size Serveur.elf  |tee "Serveur.elf.size"
   text	   data	    bss	    dec	    hex	filename
 293872	   4336	17946912	18245120	1166600	Serveur.elf
'Finished building: Serveur.elf.size'
' '
15:54:25 **** Incremental Build of configuration Debug for project Serveur ****
make pre-build main-build 
a9-linaro-pre-build-step
' '
make: Rien à faire pour « main-build ».
16:03:16 **** Incremental Build of configuration Debug for project Serveur ****
make pre-build main-build 
a9-linaro-pre-build-step
' '
make: Rien à faire pour « main-build ».
16:15:02 **** Incremental Build of configuration Debug for project Serveur ****
make pre-build main-build 
a9-linaro-pre-build-step
' '
make: Rien à faire pour « main-build ».
16:17:00 **** Auto Build of configuration Debug for project Serveur ****
make pre-build main-build 
a9-linaro-pre-build-step
' '
'Building file: ../src/http_server/http_response.c'
'Invoking: ARM v7 gcc compiler'
arm-none-eabi-gcc -Wall -O0 -g3 -c -fmessage-length=0 -MT"src/http_server/http_response.o" -mcpu=cortex-a9 -mfpu=vfpv3 -mfloat-abi=hard -I../../Serveur_bsp/ps7_cortexa9_0/include -MMD -MP -MF"src/http_server/http_response.d" -MT"src/http_server/http_response.o" -o "src/http_server/http_response.o" "../src/http_server/http_response.c"
../src/http_server/http_response.c: In function 'do_http_post':
../src/http_server/http_response.c:113:49: error: 'switches' undeclared (first use in this function); did you mean 'num_switches'?
   xil_printf("http POST: switch state: %x\r\n", switches);
                                                 ^~~~~~~~
                                                 num_switches
../src/http_server/http_response.c:113:49: note: each undeclared identifier is reported only once for each function it appears in
make: *** [src/http_server/http_response.o] Erreur 1
16:17:16 **** Auto Build of configuration Debug for project Serveur ****
make pre-build main-build 
a9-linaro-pre-build-step
' '
'Building file: ../src/http_server/http_response.c'
'Invoking: ARM v7 gcc compiler'
arm-none-eabi-gcc -Wall -O0 -g3 -c -fmessage-length=0 -MT"src/http_server/http_response.o" -mcpu=cortex-a9 -mfpu=vfpv3 -mfloat-abi=hard -I../../Serveur_bsp/ps7_cortexa9_0/include -MMD -MP -MF"src/http_server/http_response.d" -MT"src/http_server/http_response.o" -o "src/http_server/http_response.o" "../src/http_server/http_response.c"
'Finished building: ../src/http_server/http_response.c'
' '
'Building target: Serveur.elf'
'Invoking: ARM v7 gcc linker'
arm-none-eabi-gcc -mcpu=cortex-a9 -mfpu=vfpv3 -mfloat-abi=hard -Wl,-build-id=none -specs=Xilinx.spec -Wl,-T -Wl,../src/lscript.ld -L../../Serveur_bsp/ps7_cortexa9_0/lib -o "Serveur.elf"  ./src/http_server/http_response.o ./src/http_server/platform_fs.o ./src/http_server/platform_gpio.o ./src/http_server/web_utils.o ./src/http_server/webserver.o  ./src/iic_phyreset.o ./src/main.o   -Wl,--start-group,-lxil,-lfreertos,-lgcc,-lc,--end-group -Wl,--start-group,-lxil,-llwip4,-lgcc,-lc,--end-group -Wl,--start-group,-lxilffs,-lxil,-lgcc,-lc,--end-group
'Finished building target: Serveur.elf'
' '
'Invoking: ARM v7 Print Size'
arm-none-eabi-size Serveur.elf  |tee "Serveur.elf.size"
   text	   data	    bss	    dec	    hex	filename
 293872	   4336	17946912	18245120	1166600	Serveur.elf
'Finished building: Serveur.elf.size'
' '
16:19:35 **** Auto Build of configuration Debug for project Serveur ****
make pre-build main-build 
a9-linaro-pre-build-step
' '
'Building file: ../src/http_server/web_utils.c'
'Invoking: ARM v7 gcc compiler'
arm-none-eabi-gcc -Wall -O0 -g3 -c -fmessage-length=0 -MT"src/http_server/web_utils.o" -mcpu=cortex-a9 -mfpu=vfpv3 -mfloat-abi=hard -I../../Serveur_bsp/ps7_cortexa9_0/include -MMD -MP -MF"src/http_server/web_utils.d" -MT"src/http_server/web_utils.o" -o "src/http_server/web_utils.o" "../src/http_server/web_utils.c"
'Finished building: ../src/http_server/web_utils.c'
' '
'Building target: Serveur.elf'
'Invoking: ARM v7 gcc linker'
arm-none-eabi-gcc -mcpu=cortex-a9 -mfpu=vfpv3 -mfloat-abi=hard -Wl,-build-id=none -specs=Xilinx.spec -Wl,-T -Wl,../src/lscript.ld -L../../Serveur_bsp/ps7_cortexa9_0/lib -o "Serveur.elf"  ./src/http_server/http_response.o ./src/http_server/platform_fs.o ./src/http_server/platform_gpio.o ./src/http_server/web_utils.o ./src/http_server/webserver.o  ./src/iic_phyreset.o ./src/main.o   -Wl,--start-group,-lxil,-lfreertos,-lgcc,-lc,--end-group -Wl,--start-group,-lxil,-llwip4,-lgcc,-lc,--end-group -Wl,--start-group,-lxilffs,-lxil,-lgcc,-lc,--end-group
'Finished building target: Serveur.elf'
' '
'Invoking: ARM v7 Print Size'
arm-none-eabi-size Serveur.elf  |tee "Serveur.elf.size"
   text	   data	    bss	    dec	    hex	filename
 293872	   4336	17946912	18245120	1166600	Serveur.elf
'Finished building: Serveur.elf.size'
' '
16:20:10 **** Incremental Build of configuration Debug for project Serveur ****
make pre-build main-build 
a9-linaro-pre-build-step
' '
make: Rien à faire pour « main-build ».
16:23:11 **** Incremental Build of configuration Debug for project Serveur ****
make pre-build main-build 
a9-linaro-pre-build-step
' '
make: Rien à faire pour « main-build ».
16:24:22 **** Auto Build of configuration Debug for project Serveur ****
make pre-build main-build 
a9-linaro-pre-build-step
' '
'Building file: ../src/http_server/http_response.c'
'Invoking: ARM v7 gcc compiler'
arm-none-eabi-gcc -Wall -O0 -g3 -c -fmessage-length=0 -MT"src/http_server/http_response.o" -mcpu=cortex-a9 -mfpu=vfpv3 -mfloat-abi=hard -I../../Serveur_bsp/ps7_cortexa9_0/include -MMD -MP -MF"src/http_server/http_response.d" -MT"src/http_server/http_response.o" -o "src/http_server/http_response.o" "../src/http_server/http_response.c"
../src/http_server/http_response.c: In function 'do_http_get':
../src/http_server/http_response.c:171:12: error: 'sw_buf' undeclared (first use in this function); did you mean 'setbuf'?
    sprintf(sw_buf, "{\"Calorie\": ");
            ^~~~~~
            setbuf
../src/http_server/http_response.c:171:12: note: each undeclared identifier is reported only once for each function it appears in
../src/http_server/http_response.c:182:4: error: 'sw_len' undeclared (first use in this function); did you mean 'strlen'?
    sw_len = strlen(sw_buf);
    ^~~~~~
    strlen
../src/http_server/http_response.c:184:4: error: 'len' undeclared (first use in this function); did you mean 'hlen'?
    len = generate_http_header(buf, "js", sw_len);
    ^~~
    hlen
../src/http_server/http_response.c:184:31: warning: pointer targets in passing argument 1 of 'generate_http_header' differ in signedness [-Wpointer-sign]
    len = generate_http_header(buf, "js", sw_len);
                               ^~~
../src/http_server/http_response.c:48:5: note: expected 'char *' but argument is of type 'unsigned char *'
 int generate_http_header(char *buf, char *fext, int fsize);
     ^~~~~~~~~~~~~~~~~~~~
../src/http_server/http_response.c:186:11: warning: pointer targets in passing argument 1 of 'strcat' differ in signedness [-Wpointer-sign]
    strcat(buf, sw_buf);
           ^~~
In file included from c:\xilinx\sdk\2018.2\gnu\aarch32\nt\gcc-arm-none-eabi\arm-none-eabi\libc\usr\include\string.h:10:0,
                 from ../src/http_server/http_response.c:19:
c:\xilinx\sdk\2018.2\gnu\aarch32\nt\gcc-arm-none-eabi\arm-none-eabi\libc\usr\include\string.h:26:8: note: expected 'char * restrict' but argument is of type 'unsigned char *'
 char  *_EXFUN(strcat,(char *__restrict, const char *__restrict));
        ^
make: *** [src/http_server/http_response.o] Erreur 1
16:24:48 **** Auto Build of configuration Debug for project Serveur ****
make pre-build main-build 
a9-linaro-pre-build-step
' '
'Building file: ../src/http_server/http_response.c'
'Invoking: ARM v7 gcc compiler'
arm-none-eabi-gcc -Wall -O0 -g3 -c -fmessage-length=0 -MT"src/http_server/http_response.o" -mcpu=cortex-a9 -mfpu=vfpv3 -mfloat-abi=hard -I../../Serveur_bsp/ps7_cortexa9_0/include -MMD -MP -MF"src/http_server/http_response.d" -MT"src/http_server/http_response.o" -o "src/http_server/http_response.o" "../src/http_server/http_response.c"
../src/http_server/http_response.c: In function 'do_http_get':
../src/http_server/http_response.c:161:7: error: conflicting types for 'buf'
  char buf[BUFSIZE];
       ^~~
../src/http_server/http_response.c:157:16: note: previous declaration of 'buf' was here
  unsigned char buf[BUFSIZE];
                ^~~
make: *** [src/http_server/http_response.o] Erreur 1
16:24:57 **** Auto Build of configuration Debug for project Serveur ****
make pre-build main-build 
a9-linaro-pre-build-step
' '
'Building file: ../src/http_server/http_response.c'
'Invoking: ARM v7 gcc compiler'
arm-none-eabi-gcc -Wall -O0 -g3 -c -fmessage-length=0 -MT"src/http_server/http_response.o" -mcpu=cortex-a9 -mfpu=vfpv3 -mfloat-abi=hard -I../../Serveur_bsp/ps7_cortexa9_0/include -MMD -MP -MF"src/http_server/http_response.d" -MT"src/http_server/http_response.o" -o "src/http_server/http_response.o" "../src/http_server/http_response.c"
../src/http_server/http_response.c: In function 'do_http_get':
../src/http_server/http_response.c:187:31: warning: pointer targets in passing argument 1 of 'generate_http_header' differ in signedness [-Wpointer-sign]
    len = generate_http_header(buf, "js", sw_len);
                               ^~~
../src/http_server/http_response.c:48:5: note: expected 'char *' but argument is of type 'unsigned char *'
 int generate_http_header(char *buf, char *fext, int fsize);
     ^~~~~~~~~~~~~~~~~~~~
../src/http_server/http_response.c:189:11: warning: pointer targets in passing argument 1 of 'strcat' differ in signedness [-Wpointer-sign]
    strcat(buf, sw_buf);
           ^~~
In file included from c:\xilinx\sdk\2018.2\gnu\aarch32\nt\gcc-arm-none-eabi\arm-none-eabi\libc\usr\include\string.h:10:0,
                 from ../src/http_server/http_response.c:19:
c:\xilinx\sdk\2018.2\gnu\aarch32\nt\gcc-arm-none-eabi\arm-none-eabi\libc\usr\include\string.h:26:8: note: expected 'char * restrict' but argument is of type 'unsigned char *'
 char  *_EXFUN(strcat,(char *__restrict, const char *__restrict));
        ^
'Finished building: ../src/http_server/http_response.c'
' '
'Building target: Serveur.elf'
'Invoking: ARM v7 gcc linker'
arm-none-eabi-gcc -mcpu=cortex-a9 -mfpu=vfpv3 -mfloat-abi=hard -Wl,-build-id=none -specs=Xilinx.spec -Wl,-T -Wl,../src/lscript.ld -L../../Serveur_bsp/ps7_cortexa9_0/lib -o "Serveur.elf"  ./src/http_server/http_response.o ./src/http_server/platform_fs.o ./src/http_server/platform_gpio.o ./src/http_server/web_utils.o ./src/http_server/webserver.o  ./src/iic_phyreset.o ./src/main.o   -Wl,--start-group,-lxil,-lfreertos,-lgcc,-lc,--end-group -Wl,--start-group,-lxil,-llwip4,-lgcc,-lc,--end-group -Wl,--start-group,-lxilffs,-lxil,-lgcc,-lc,--end-group
'Finished building target: Serveur.elf'
' '
'Invoking: ARM v7 Print Size'
arm-none-eabi-size Serveur.elf  |tee "Serveur.elf.size"
   text	   data	    bss	    dec	    hex	filename
 294512	   4336	17946912	18245760	1166880	Serveur.elf
'Finished building: Serveur.elf.size'
' '
16:25:20 **** Incremental Build of configuration Debug for project Serveur ****
make pre-build main-build 
a9-linaro-pre-build-step
' '
make: Rien à faire pour « main-build ».
16:27:50 **** Auto Build of configuration Debug for project Serveur ****
make pre-build main-build 
a9-linaro-pre-build-step
' '
'Building file: ../src/http_server/http_response.c'
'Invoking: ARM v7 gcc compiler'
arm-none-eabi-gcc -Wall -O0 -g3 -c -fmessage-length=0 -MT"src/http_server/http_response.o" -mcpu=cortex-a9 -mfpu=vfpv3 -mfloat-abi=hard -I../../Serveur_bsp/ps7_cortexa9_0/include -MMD -MP -MF"src/http_server/http_response.d" -MT"src/http_server/http_response.o" -o "src/http_server/http_response.o" "../src/http_server/http_response.c"
'Finished building: ../src/http_server/http_response.c'
' '
'Building target: Serveur.elf'
'Invoking: ARM v7 gcc linker'
arm-none-eabi-gcc -mcpu=cortex-a9 -mfpu=vfpv3 -mfloat-abi=hard -Wl,-build-id=none -specs=Xilinx.spec -Wl,-T -Wl,../src/lscript.ld -L../../Serveur_bsp/ps7_cortexa9_0/lib -o "Serveur.elf"  ./src/http_server/http_response.o ./src/http_server/platform_fs.o ./src/http_server/platform_gpio.o ./src/http_server/web_utils.o ./src/http_server/webserver.o  ./src/iic_phyreset.o ./src/main.o   -Wl,--start-group,-lxil,-lfreertos,-lgcc,-lc,--end-group -Wl,--start-group,-lxil,-llwip4,-lgcc,-lc,--end-group -Wl,--start-group,-lxilffs,-lxil,-lgcc,-lc,--end-group
'Finished building target: Serveur.elf'
' '
'Invoking: ARM v7 Print Size'
arm-none-eabi-size Serveur.elf  |tee "Serveur.elf.size"
   text	   data	    bss	    dec	    hex	filename
 293872	   4336	17946912	18245120	1166600	Serveur.elf
'Finished building: Serveur.elf.size'
' '
16:32:02 **** Incremental Build of configuration Debug for project Serveur ****
make pre-build main-build 
a9-linaro-pre-build-step
' '
make: Rien à faire pour « main-build ».
