#-----------------------------------------------------------
# Vivado v2018.2 (64-bit)
# SW Build 2258646 on Thu Jun 14 20:03:12 MDT 2018
# IP Build 2256618 on Thu Jun 14 22:10:49 MDT 2018
# Start of session at: Sun Mar 24 11:39:23 2019
# Process ID: 11960
# Current directory: D:/DEV/Git_Kraken/Velociraptor/Projet-S4/Serveur/P2_S4_Velociraptor
# Command line: vivado.exe -gui_launcher_event rodinguilauncherevent3232 D:\DEV\Git_Kraken\Velociraptor\Projet-S4\Serveur\P2_S4_Velociraptor\P2_S4_Velociraptor.xpr
# Log file: D:/DEV/Git_Kraken/Velociraptor/Projet-S4/Serveur/P2_S4_Velociraptor/vivado.log
# Journal file: D:/DEV/Git_Kraken/Velociraptor/Projet-S4/Serveur/P2_S4_Velociraptor\vivado.jou
#-----------------------------------------------------------
start_gui
open_project D:/DEV/Git_Kraken/Velociraptor/Projet-S4/Serveur/P2_S4_Velociraptor/P2_S4_Velociraptor.xpr
update_compile_order -fileset sources_1
open_bd_design {D:/DEV/Git_Kraken/Velociraptor/Projet-S4/Serveur/P2_S4_Velociraptor/P2_S4_Velociraptor.srcs/sources_1/bd/design_1/design_1.bd}
launch_sdk -workspace D:/DEV/Git_Kraken/Velociraptor/Projet-S4/Serveur/P2_S4_Velociraptor/P2_S4_Velociraptor.sdk -hwspec D:/DEV/Git_Kraken/Velociraptor/Projet-S4/Serveur/P2_S4_Velociraptor/P2_S4_Velociraptor.sdk/design_1_wrapper.hdf
open_bd_design {D:/DEV/Git_Kraken/Velociraptor/Projet-S4/Serveur/P2_S4_Velociraptor/P2_S4_Velociraptor.srcs/sources_1/bd/design_1/design_1.bd}
